---
BRS_BBG_EXP_Analytics: 	Major 
BRS_BBG_EXP_Analytics_rerun: 	Major 
BRS_EXP_AnalyticsCash: 	Major 
BRS_EXP_CorePos: 	Major 
BRS_IMPORT_DLAM: 	Major 
BRS_IMPORT_EQMA: 	Major 
BRS_IMPORT_FI: 	Major 
BRS_IMPORT_ICS: 	Major 
BRS_IMPORT_JP: 	Major 
BRS_IMPORT_PROP: 	Major 
BRS_UNTAR_DLAM: 	Major 
BRS_UNTAR_EQMA: 	Major 
BRS_UNTAR_FI: 	Major 
BRS_UNTAR_ICS: 	Major 
BRS_UNTAR_JP: 	Major 
BRS_UNTAR_PROP: 	Major 
BRS_UNZIP_ GPTPA_BRS_TO_BFS: 	Major 
BRS_UNZIP_GPCZ_BRS_TO_BFS: 	Major 
BRS_UNZIP_GPICS_BRS_TO_BFS: 	Major 
BRS_UNZIP_GPPL_BRS_TO_BFS: 	Major 
BRS_UNZIP_GPPRP_BRS_TO_BFS: 	Major 
BRS_UNZIP_MTLY_ARCH_BRS_TO_SHARE: 	Minor 
BVAL - create and copy request files: 	Minor 
BVAL - create and copy request files: 	Minor 
cDWH_Archive_AIFMD: 	Minor 
cDWH_MON_BBH-RBC-ART_Files: 	Critical 
cDWH_MON_BBH-RBC-ART_Files-Mondays: 	Critical 
cDWH_MON_BBHPOSITION: 	Critical  
cDWH_MON_BNYM_EXPORT_GENERATION_CHECK: 	Critical 
cDWH_MON_BNYM_EXPORT_TRANSFER_CHECK: 	Critical 
cDWH_MON_KNEIP_DAILY_IMPORT: 	Critical 
cDWH_MON_KNEIP_WEEKLY_EXPORT: 	Critical 
cDWH_MON_LEFTOVER_BRS_TRIGGER_FILE_CHECK: 	Critical 
cDWH_MON_MostFiles: 	Major 
cDWH_MON_SALESFORCE: 	Major 
cDWH_MON_SCD-ART_Files: 	Critical 
cDWH_MON_SCD-ART_Files-Mondays: 	Critical 
cDWH_MON_THOMPSON_REUTERS_SOURCE_DELIVERY: 	Critical 
cDWH_RiskCopyNav: 	Minor 
Copy of MEDMR2_IMP_EOD_BBSUB: 	Major 
Copy of MEDMR2_IMP_EOD_BBSUB: 	Major 
Copy of MEDMR2_IMP_MC_EOD_MAS: 	Critical 
Copy of MEDMR2_IMP_MC_EOD_MAS: 	Critical 
Copy of MEDMR2T2_IMP_MAS_VOL_EQ: 	Critical 
Copy of MEDMR2T2_IMP_MAS_VOL_EQ: 	Critical 
Copy of MEDMR2T2_IMP_MAS_VOL_EQ: 	Critical 
Copy of MEDMR2T2_IMP_MAS_VOL_EQ: 	Critical 
Copy of PowerCenter_Storage_Cleanup: 	Minor 
Copy of TIBCO_MFT_EXTRBC01_TRANSFER_01: 	Major 
CS40B_GenerateData_Adhoc: 	Minor 
CS40B_GenerateReport_Adhoc: 	Minor 
DWH_ANALYTICS_UNZIP_IIM-AGGBMK: 	Major 
DWH_ANALYTICS_UNZIP_IIM-AGGPFR-CZECH: 	Major 
DWH_ANALYTICS_UNZIP_IIM-AGGPFR-EQMA: 	Major 
DWH_ANALYTICS_UNZIP_IIM-AGGPFR-FI: 	Major 
DWH_ANALYTICS_UNZIP_IIM-AGGPFR-ICS: 	Major 
DWH_ANALYTICS_UNZIP_IIM-AGGPFR-IIM-CT: 	Major 
DWH_ANALYTICS_UNZIP_IIM-AGGPFR-NNRE: 	Major 
DWH_ANALYTICS_UNZIP_IIM-AGGPFR-OTHER: 	Major 
DWH_ANALYTICS_UNZIP_IIM-AGGPFR-POLAND: 	Major 
DWH_ANALYTICS_UNZIP_IIM-AGGPFR-PROP: 	Major 
DWH_ANALYTICS_UNZIP_IIM-AGGPFT-CZECH: 	Major 
DWH_ANALYTICS_UNZIP_IIM-AGGPFT-EQMA: 	Major 
DWH_ANALYTICS_UNZIP_IIM-AGGPFT-FI: 	Major 
DWH_ANALYTICS_UNZIP_IIM-AGGPFT-ICS: 	Major 
DWH_ANALYTICS_UNZIP_IIM-AGGPFT-IIM-CT: 	Major 
DWH_ANALYTICS_UNZIP_IIM-AGGPFT-NNRE: 	Major 
DWH_ANALYTICS_UNZIP_IIM-AGGPFT-OTHER: 	Major 
DWH_ANALYTICS_UNZIP_IIM-AGGPFT-POLAND: 	Major 
DWH_ANALYTICS_UNZIP_IIM-AGGPFT-PROP: 	Major 
DWH_ANALYTICS_UNZIP_IIM-BMKCON: 	Major 
DWH_ANALYTICS_UNZIP_IIM-BMKWEIGHTS: 	Major 
DWH_ANALYTICS_UNZIP_IIM-PFTHLD-CZECH: 	Major 
DWH_ANALYTICS_UNZIP_IIM-PFTHLD-EQMA: 	Major 
DWH_ANALYTICS_UNZIP_IIM-PFTHLD-FI: 	Major 
DWH_ANALYTICS_UNZIP_IIM-PFTHLD-ICS: 	Major 
DWH_ANALYTICS_UNZIP_IIM-PFTHLD-Poland: 	Major 
DWH_ANALYTICS_UNZIP_IIM-PFTHLD-PROP: 	Major 
DWH_ANALYTICS_UNZIP_IIM-PFTHLD_IIM-CT: 	Major 
DWH_ANALYTICS_UNZIP_IIM-PFTHLD_NNRE: 	Major 
DWH_ANALYTICS_UNZIP_IIM_AGGPFR_DLAM: 	Major 
DWH_ANALYTICS_UNZIP_IIM_AGGPFT_DLAM: 	Major 
DWH_ANALYTICS_UNZIP_IIM_PFTHLD_DLAM: 	Major 
Factsheet_0101_LU_excep_NotNEX_lang_EN_EQ: 	Major 
Factsheet_0101_LU_excep_NotNEX_lang_EN_EQ: 	Major 
Factsheet_0102_IT_StructuredProducts: 	Major 
Factsheet_0102_IT_StructuredProducts: 	Major 
Factsheet_0103_CH_lang_IT_FR_EQ: 	Major 
Factsheet_0103_CH_lang_IT_FR_EQ: 	Major 
Factsheet_0104_IT_MX: 	Major 
Factsheet_0104_IT_MX: 	Major 
Factsheet_0105_BE_Lang_DE_MoneyMarket: 	Major 
Factsheet_0105_BE_Lang_DE_MoneyMarket: 	Major 
Factsheet_0201_CZ_SK_excep_NotNEX_lang_EN_EQ: 	Major 
Factsheet_0201_CZ_SK_excep_NotNEX_lang_EN_EQ: 	Major 
Factsheet_0202_FR_MoneyMarket: 	Major 
Factsheet_0202_FR_MoneyMarket: 	Major 
Factsheet_0203_CH_StructuredProducts: 	Major 
Factsheet_0203_CH_StructuredProducts: 	Major 
Factsheet_0204_FR_FixedIncome: 	Major 
Factsheet_0204_FR_FixedIncome: 	Major 
Factsheet_0205_CH_MoneyMarket: 	Major 
Factsheet_0205_CH_MoneyMarket: 	Major 
Factsheet_0206_excep_NotNEX_lang_EN_MX: 	Major 
Factsheet_0206_excep_NotNEX_lang_EN_MX: 	Major 
Factsheet_0301_ES_PT_excep_NotNEX_lang_EN_EQ: 	Major 
Factsheet_0301_ES_PT_excep_NotNEX_lang_EN_EQ: 	Major 
Factsheet_0302_excep_NotNEX_lang_All_MM: 	Major 
Factsheet_0302_excep_NotNEX_lang_All_MM: 	Major 
Factsheet_0303_excep_NotNEX_lang_All_SP: 	Major 
Factsheet_0303_excep_NotNEX_lang_All_SP: 	Major 
Factsheet_0304_NL_StructuredProducts: 	Major 
Factsheet_0304_NL_StructuredProducts: 	Major 
Factsheet_0305_NL_FixedIncome: 	Major 
Factsheet_0305_NL_FixedIncome: 	Major 
Factsheet_0306_BE_Lang_VL_FixedIncome: 	Major 
Factsheet_0306_BE_Lang_VL_FixedIncome: 	Major 
Factsheet_0401_SE_DK_excep_NotNEX_lang_EN_EQ: 	Major 
Factsheet_0401_SE_DK_excep_NotNEX_lang_EN_EQ: 	Major 
Factsheet_0402_excep_NEX_lang_All_Equity: 	Major 
Factsheet_0402_excep_NEX_lang_All_Equity: 	Major 
Factsheet_0403_excep_NEX_lang_All_MX: 	Major 
Factsheet_0403_excep_NEX_lang_All_MX: 	Major 
Factsheet_0404_IT_MoneyMarket: 	Major 
Factsheet_0404_IT_MoneyMarket: 	Major 
Factsheet_0405_CH_MX: 	Major 
Factsheet_0405_CH_MX: 	Major 
Factsheet_0501_FI_NO_excep_NotNEX_lang_EN_EQ: 	Major 
Factsheet_0501_FI_NO_excep_NotNEX_lang_EN_EQ: 	Major 
Factsheet_0502_FR_StructuredProducts: 	Major 
Factsheet_0502_FR_StructuredProducts: 	Major 
Factsheet_0503_DE_FixedIncome: 	Major 
Factsheet_0503_DE_FixedIncome: 	Major 
Factsheet_0504_excep_NotNEX_lang_All_MX: 	Major 
Factsheet_0504_excep_NotNEX_lang_All_MX: 	Major 
Factsheet_0505_NL_MX: 	Major 
Factsheet_0505_NL_MX: 	Major 
Factsheet_0601_HU_AT_excep_NotNEX_lang_EN_EQ: 	Major 
Factsheet_0601_HU_AT_excep_NotNEX_lang_EN_EQ: 	Major 
Factsheet_0602_DE_Equity: 	Major 
Factsheet_0602_DE_Equity: 	Major 
Factsheet_0603_GB_StructuredProducts: 	Major 
Factsheet_0603_GB_StructuredProducts: 	Major 
Factsheet_0604_FR_MX: 	Major 
Factsheet_0604_FR_MX: 	Major 
Factsheet_0701_GR_rest_excep_NotNEX_lang_EN_EQ: 	Major 
Factsheet_0701_GR_rest_excep_NotNEX_lang_EN_EQ: 	Major 
Factsheet_0702_GB_FixedIncome: 	Major 
Factsheet_0702_GB_FixedIncome: 	Major 
Factsheet_0703_GB_MoneyMarket: 	Major 
Factsheet_0703_GB_MoneyMarket: 	Major 
Factsheet_0704_excep_NEX_lang_Eng_SP: 	Major 
Factsheet_0704_excep_NEX_lang_Eng_SP: 	Major 
Factsheet_0705_NL_Equity: 	Major 
Factsheet_0705_NL_Equity: 	Major 
Factsheet_0706_NL_MoneyMarket: 	Major 
Factsheet_0706_NL_MoneyMarket: 	Major 
Factsheet_0707_BE_Lang_DE_FixedIncome: 	Major 
Factsheet_0707_BE_Lang_DE_FixedIncome: 	Major 
Factsheet_0708_BE_Lang_VL_MX: 	Major 
Factsheet_0708_BE_Lang_VL_MX: 	Major 
Factsheet_0709_BE_Lang_VL_MoneyMarket: 	Major 
Factsheet_0709_BE_Lang_VL_MoneyMarket: 	Major 
Factsheet_0801_LU_excep_NotNEX_lang_EN_FI: 	Major 
Factsheet_0801_LU_excep_NotNEX_lang_EN_FI: 	Major 
Factsheet_0802_DE_MoneyMarket: 	Major 
Factsheet_0802_DE_MoneyMarket: 	Major 
Factsheet_0803_CH_lang_DE_EN_FixedIncome: 	Major 
Factsheet_0803_CH_lang_DE_EN_FixedIncome: 	Major 
Factsheet_0804_BE_Lang_FR_FixedIncome: 	Major 
Factsheet_0804_BE_Lang_FR_FixedIncome: 	Major 
Factsheet_0805_BE_Lang_EN_StructuredProducts: 	Major 
Factsheet_0805_BE_Lang_EN_StructuredProducts: 	Major 
Factsheet_0901_CZ_SK_excep_NotNEX_lang_EN_FI: 	Major 
Factsheet_0901_CZ_SK_excep_NotNEX_lang_EN_FI: 	Major 
Factsheet_0902_AT_excep_NotNEX_lang_All_EQ: 	Major 
Factsheet_0902_AT_excep_NotNEX_lang_All_EQ: 	Major 
Factsheet_0903_CH_lang_IT_FR_FI: 	Major 
Factsheet_0903_CH_lang_IT_FR_FI: 	Major 
Factsheet_0904_BE_Lang_EN_FixedIncome: 	Major 
Factsheet_0904_BE_Lang_EN_FixedIncome: 	Major 
Factsheet_0905_BE_Lang_FR_MX: 	Major 
Factsheet_0905_BE_Lang_FR_MX: 	Major 
Factsheet_1001_ES_PT_excep_NotNEX_lang_EN_FI: 	Major 
Factsheet_1001_ES_PT_excep_NotNEX_lang_EN_FI: 	Major 
Factsheet_1002_SK_excep_NotNEX_lang_All_Equity: 	Major 
Factsheet_1002_SK_excep_NotNEX_lang_All_Equity: 	Major 
Factsheet_1003_FR_Equity: 	Major 
Factsheet_1003_FR_Equity: 	Major 
Factsheet_1004_BE_Lang_FR_StructuredProducts: 	Major 
Factsheet_1004_BE_Lang_FR_StructuredProducts: 	Major 
Factsheet_1101_Exec_SE_DK_excep_NotNEX_lang_EN_FI: 	Major 
Factsheet_1101_Exec_SE_DK_excep_NotNEX_lang_EN_FI: 	Major 
Factsheet_1102_DE_MX: 	Major 
Factsheet_1102_DE_MX: 	Major 
Factsheet_1103_excep_NotNEX_lang_EN_SP: 	Major 
Factsheet_1103_excep_NotNEX_lang_EN_SP: 	Major 
Factsheet_1104_excep_NEX_lang_Eng_Equity: 	Major 
Factsheet_1104_excep_NEX_lang_Eng_Equity: 	Major 
Factsheet_1105_BE_Lang_FR_MoneyMarket: 	Major 
Factsheet_1105_BE_Lang_FR_MoneyMarket: 	Major 
Factsheet_1106_BE_Lang_DE_Equity: 	Major 
Factsheet_1106_BE_Lang_DE_Equity: 	Major 
Factsheet_1201_FI_NO_excep_NotNEX_lang_EN_FI: 	Major 
Factsheet_1201_FI_NO_excep_NotNEX_lang_EN_FI: 	Major 
Factsheet_1202_excep_NotNEX_lang_All_FixedIncome: 	Major 
Factsheet_1202_excep_NotNEX_lang_All_FixedIncome: 	Major 
Factsheet_1203_excep_NEX_lang_All_FixedIncome: 	Major 
Factsheet_1203_excep_NEX_lang_All_FixedIncome: 	Major 
Factsheet_1204_excep_NEX_lang_All_SP: 	Major 
Factsheet_1204_excep_NEX_lang_All_SP: 	Major 
Factsheet_1301_Exec_HU_AT_excep_NotNEX_lang_EN_FI: 	Major 
Factsheet_1301_Exec_HU_AT_excep_NotNEX_lang_EN_FI: 	Major 
Factsheet_1302_IT_Equity: 	Major 
Factsheet_1302_IT_Equity: 	Major 
Factsheet_1303_excep_NEX_lang_Eng_MX: 	Major 
Factsheet_1303_excep_NEX_lang_Eng_MX: 	Major 
Factsheet_1304_excep_NotNEX_lang_EN_MM: 	Major 
Factsheet_1304_excep_NotNEX_lang_EN_MM: 	Major 
Factsheet_1305_BE_Lang_VL_Equity: 	Major 
Factsheet_1305_BE_Lang_VL_Equity: 	Major 
Factsheet_1401_GR_rest_excep_NotNEX_lang_EN_FI: 	Major 
Factsheet_1401_GR_rest_excep_NotNEX_lang_EN_FI: 	Major 
Factsheet_1402_GB_Equity: 	Major 
Factsheet_1402_GB_Equity: 	Major 
Factsheet_1403_Exec_GR_RO_excep_NotNEX_lang_All_EQ: 	Major 
Factsheet_1403_Exec_GR_RO_excep_NotNEX_lang_All_EQ: 	Major 
Factsheet_1404_excep_NEX_lang_Eng_FI: 	Major 
Factsheet_1404_excep_NEX_lang_Eng_FI: 	Major 
Factsheet_1405_BE_Lang_EN_MX: 	Major 
Factsheet_1405_BE_Lang_EN_MX: 	Major 
Factsheet_1406_BE_Lang_VL_SP: 	Major 
Factsheet_1406_BE_Lang_VL_SP: 	Major 
Factsheet_1407_BE_Lang_EN_Equity: 	Major 
Factsheet_1407_BE_Lang_EN_Equity: 	Major 
Factsheet_1501_Exec_CZ_excep_NotNEX_lang_All_EQ: 	Major 
Factsheet_1501_Exec_CZ_excep_NotNEX_lang_All_EQ: 	Major 
Factsheet_1502_IT_FixedIncome: 	Major 
Factsheet_1502_IT_FixedIncome: 	Major 
Factsheet_1503_DE_StructuredProducts: 	Major 
Factsheet_1503_DE_StructuredProducts: 	Major 
Factsheet_1504_excep_NEX_lang_All_MoneyMarket: 	Major 
Factsheet_1504_excep_NEX_lang_All_MoneyMarket: 	Major 
Factsheet_1505_BE_Lang_EN_MoneyMarket: 	Major 
Factsheet_1505_BE_Lang_EN_MoneyMarket: 	Major 
Factsheet_1506_BE_Lang_DE_StructuredProducts: 	Major 
Factsheet_1506_BE_Lang_DE_StructuredProducts: 	Major 
Factsheet_1507_BE_Lang_FR_Equity: 	Major 
Factsheet_1507_BE_Lang_FR_Equity: 	Major 
Factsheet_1601_Exec_ES_HU_excep_NotNEX_lang_All_EQ: 	Major 
Factsheet_1601_Exec_ES_HU_excep_NotNEX_lang_All_EQ: 	Major 
Factsheet_1602_Exec_CH_lang_DE_EN_Equity: 	Major 
Factsheet_1602_Exec_CH_lang_DE_EN_Equity: 	Major 
Factsheet_1603_GB_MX: 	Major 
Factsheet_1603_GB_MX: 	Major 
Factsheet_1604_excep_NEX_lang_Eng_MoneyMarket: 	Major 
Factsheet_1604_excep_NEX_lang_Eng_MoneyMarket: 	Major 
Factsheet_1605_BE_Lang_DE_MX: 	Major 
Factsheet_1605_BE_Lang_DE_MX: 	Major 
Factsheet_1701_SG_FixedIncome: 	Major 
Factsheet_1701_SG_FixedIncome: 	Major 
Factsheet_1702_SG_Equity: 	Major 
Factsheet_1702_SG_Equity: 	Major 
Factsheet_1703_SG_StructuredProducts: 	Major 
Factsheet_1703_SG_StructuredProducts: 	Major 
Factsheet_1704_SG_MoneyMarket: 	Major 
Factsheet_1704_SG_MoneyMarket: 	Major 
Factsheet_1705_SG_MX: 	Major 
Factsheet_1705_SG_MX: 	Major 
Factsheet_1706_SG_SBL: 	Major 
Factsheet_1801_NL_Lang_EN_Equity: 	Major 
Factsheet_1801_NL_Lang_EN_Equity: 	Major 
Factsheet_1802_NL_Lang_EN_FixedIncome_Factsheet: 	Major 
Factsheet_1802_NL_Lang_EN_FixedIncome_Factsheet: 	Major 
Factsheet_1803_NL_Lang_EN_MoneyMarket_Factsheet: 	Major 
Factsheet_1803_NL_Lang_EN_MoneyMarket_Factsheet: 	Major 
Factsheet_1804_NL_Lang_EN_MX_Factsheet: 	Major 
Factsheet_1804_NL_Lang_EN_MX_Factsheet: 	Major 
Factsheet_1805_NL_Lang_EN_StructuredProducts: 	Major 
Factsheet_1805_NL_Lang_EN_StructuredProducts: 	Major 
Factsheet_1806_SBL_FixedIncome: 	Major 
Factsheet_1806_SBL_FixedIncome: 	Major 
Factsheet_1807_DE_SBL_FixedIncome: 	Major 
Factsheet_1808_BE_SBL_FixedIncome: 	Major 
HPOM_MAINT_FORCE_CRITICAL: 	Critical  
HPOM_MAINT_FORCE_MAJOR: 	Major 
HPOM_MAINT_FORCE_MINOR: 	Minor 
HPOM_MAINT_PATCH_BRS: 	minor 
HPOM_MAINT_PATCH_cDWH: 	minor 
HPOM_MAINT_PATCH_DMS: 	minor 
HPOM_MAINT_PATCH_INX: 	minor 
HPOM_MAINT_PATCH_IPCM: 	minor 
HPOM_MAINT_PATCH_MARKITEDM: 	minor 
HPOM_MAINT_PATCH_MSRS-ICFLEX: 	minor 
HPOM_MAINT_PATCH_OPTMET: 	minor 
HPOM_MAINT_PATCH_PWC: 	minor 
HPOM_MAINT_PATCH_RDCS: 	minor 
HPOM_MAINT_PATCH_RMX: 	minor 
HPOM_MAINT_PATCH_SCD: 	minor 
HPOM_MAINT_PATCH_SCDPL: 	minor 
HPOM_MAINT_PATCH_SIRP: 	minor 
HPOM_MAINT_PATCH_SPOT: 	minor 
HPOM_MAINT_PATCH_TIBCO_FILESHARE: 	minor 
HPOM_MAINT_PATCH_TIBCO_MFTCC1: 	minor 
HPOM_MAINT_PATCH_TIBCO_MFTCC2: 	minor 
HPOM_MAINT_PATCH_TRADESEC: 	minor 
HPOM_MAINT_PATCH_TRMI: 	minor 
HPOM_MAINT_PATCH_VRS: 	minor 
HPOM_MAINT_PATCH_WEBC: 	minor 
HPSA: 	Warning 
IDQ - AUM-Combined: 	Major 
IDQ - AUM-Combined: 	Major 
IDQ - AUM-Combined: 	Major 
IDQ - DWH-INSTRUMENT-Combined: 	Major 
IDQ - DWH-INSTRUMENT-Combined: 	Major 
IDQ - DWH-INSTRUMENT-Combined: 	Major 
IDQ - EDW-ADDITIONAL-DATA-SERVICE-TRIPARTITE-Combined: 	Major 
IDQ - EDW-ADDITIONAL-DATA-SERVICE-TRIPARTITE-Combined: 	Major 
IDQ - EDW-ADDITIONAL-DATA-SERVICE-TRIPARTITE-Combined: 	Major 
IDQ - EDW-ASSET-LIST-Combined: 	Major 
IDQ - EDW-ASSET-LIST-Combined: 	Major 
IDQ - EDW-ASSET-LIST-Combined: 	Major 
IDQ - EDW-CLOSED-DERIVATIVES-Combined: 	Major 
IDQ - EDW-CLOSED-DERIVATIVES-Combined: 	Major 
IDQ - EDW-CLOSED-DERIVATIVES-Combined: 	Major 
IDQ - EDW-INSTRUMENT-Combined: 	Major 
IDQ - EDW-INSTRUMENT-Combined: 	Major 
IDQ - EDW-INSTRUMENT-Combined: 	Major 
IDQ - EDW-INSTRUMENT-STAT-Combined: 	Major 
IDQ - EDW-INSTRUMENT-STAT-Combined: 	Major 
IDQ - EDW-INSTRUMENT-STAT-Combined: 	Major 
IDQ - EDW-LEGAL-ENTITY-Combined: 	Major 
IDQ - EDW-LEGAL-ENTITY-Combined: 	Major 
IDQ - EDW-LEGAL-ENTITY-Combined: 	Major 
IDQ - EDW-OPEN-DERIVATIVES-Combined: 	Major 
IDQ - EDW-OPEN-DERIVATIVES-Combined: 	Major 
IDQ - EDW-OPEN-DERIVATIVES-Combined: 	Major 
IDQ - EDW-PORTFOLIO-Combined: 	Major 
IDQ - EDW-PORTFOLIO-Combined: 	Major 
IDQ - EDW-PORTFOLIO-Combined: 	Major 
IDQ - EDW-POS-Combined: 	Major 
IDQ - EDW-POS-Combined: 	Major 
IDQ - EDW-POS-Combined: 	Major 
IDQ - EDW-REALISED-CASH-FLOW-Combined: 	Major 
IDQ - EDW-REALISED-CASH-FLOW-Combined: 	Major 
IDQ - EDW-REALISED-CASH-FLOW-Combined: 	Major 
IDQ - EDW-TRANS-Combined: 	Major 
IDQ - EDW-TRANS-Combined: 	Major 
IDQ - EDW-TRANS-Combined: 	Major 
IDQ - EPD-Combined: 	Major 
IDQ - EPD-Combined: 	Major 
IDQ - EPD-Combined: 	Major 
IDQ - EPD-Sub-Fund-Static: 	Major 
IDQ - EPD-Sub-Fund-Static: 	Major 
IDQ - EPD-Sub-Fund-Static: 	Major 
IDQ - MEDM-Combined: 	Major 
IDQ - MEDM-Combined: 	Major 
IDQ - MEDM-Combined: 	Major 
IDQ - Purge_EDW-INSTRUMENT: 	Major 
IDQ - Purge_EDW-INSTRUMENT: 	Major 
IDQ - Purge_EDW-INSTRUMENT: 	Major 
IDQ - Purge_EDW-POS: 	Major 
IDQ - Purge_EDW-POS: 	Major 
IDQ - Purge_EDW-POS: 	Major 
IDQ - Purge_EDW-TRANS: 	Major 
IDQ - Purge_EDW-TRANS: 	Major 
IDQ - Purge_EDW-TRANS: 	Major 
IDQ - Purge_EDW_Portfolio: 	Major 
IDQ - Purge_EDW_Portfolio: 	Major 
IDQ - Purge_EDW_Portfolio: 	Major 
IDQ - Purge_SCD-POS: 	Major 
IDQ - Purge_SCD-POS: 	Major 
IDQ - Purge_SCD-POS: 	Major 
IDQ - Purge_SCD-POSITION: 	Major 
IDQ - Purge_SCD-POSITION: 	Major 
IDQ - Purge_SCD-POSITION: 	Major 
IDQ - SCD-ART-Combined: 	Major 
IDQ - SCD-ART-Combined: 	Major 
IDQ - SCD-ART-Combined: 	Major 
IDQ - SCD-POS-Combined: 	Major 
IDQ - SCD-POS-Combined: 	Major 
IDQ - SCD-POS-Combined: 	Major 
IDQ - SCD-POSITION-Combined: 	Major 
IDQ - SCD-POSITION-Combined: 	Major 
IDQ - SCD-POSITION-Combined: 	Major 
IDQ - SCD-SEC-Combined: 	Major 
IDQ - SCD-SEC-Combined: 	Major 
IDQ - SCD-SEC-Combined: 	Major 
IDQ - SCD-TRANS-Combined: 	Major 
IDQ - SCD-TRANS-Combined: 	Major 
IDQ - SCD-TRANS-Combined: 	Major 
IDQ - TR-LEGAL-ENTITY-Combined: 	Major 
IDQ - TR-LEGAL-ENTITY-Combined: 	Major 
IDQ - TR-LEGAL-ENTITY-Combined: 	Major 
INX_TRANSFER_VSM: 	Minor 
INX_TRANSFER_VSM: 	Minor 
MEDM_EXP_BARABS_MASTERPUB_BBH: 	Critical 
MEDM_EXP_BARABS_MASTERPUB_BBH: 	Major 
MEDM_EXP_BARABS_MASTERPUB_BBH: 	Major 
MEDM_EXP_BARABS_MASTERPUB_BBH: 	Critical 
MEDM_EXP_BBEARLY: 	Major 
MEDM_EXP_BBEARLY: 	Major 
MEDM_EXP_BBEARLY: 	Major 
MEDM_EXP_BBEARLY: 	Major 
MEDM_EXP_BBEXCEPTION: 	Critical 
MEDM_EXP_BBEXCEPTION: 	Critical 
MEDM_EXP_BBEXCEPTION: 	Critical 
MEDM_EXP_BBEXCEPTION: 	Critical 
MEDM_EXP_BBEXCEPTION1_DS: 	Critical 
MEDM_EXP_BBEXCEPTION1_DS: 	Critical 
MEDM_EXP_BBEXCEPTION1_DS: 	Critical 
MEDM_EXP_BBEXCEPTION1_DS: 	Critical 
MEDM_EXP_BBEXCEPTION1_NDS: 	Critical 
MEDM_EXP_BBEXCEPTION1_NDS: 	Critical 
MEDM_EXP_BBEXCEPTION1_NDS: 	Critical 
MEDM_EXP_BBEXCEPTION1_NDS: 	Critical 
MEDM_EXP_BBLATENIGHT: 	Major 
MEDM_EXP_BBLATENIGHT: 	Major 
MEDM_EXP_BBLATENIGHT: 	Major 
MEDM_EXP_BBLATENIGHT: 	Major 
MEDM_EXP_BBMF: 	Major 
MEDM_EXP_BBMF: 	Major 
MEDM_EXP_BBMF: 	Major 
MEDM_EXP_BBMF: 	Major 
MEDM_EXP_BBNIGHT_DS: 	Major 
MEDM_EXP_BBNIGHT_DS: 	Major 
MEDM_EXP_BBNIGHT_DS: 	Major 
MEDM_EXP_BBNIGHT_DS: 	Major 
MEDM_EXP_BBNIGHT_NDS: 	Major 
MEDM_EXP_BBNIGHT_NDS: 	Major 
MEDM_EXP_BBNIGHT_NDS: 	Major 
MEDM_EXP_BBNIGHT_NDS: 	Major 
MEDM_EXP_BBSECREQ1: 	Minor 
MEDM_EXP_BBSECREQ1: 	Minor 
MEDM_EXP_BBSECREQ1: 	Minor 
MEDM_EXP_BBSECREQ1: 	Minor 
MEDM_EXP_BBSECREQ2: 	Minor 
MEDM_EXP_BBSECREQ2: 	Minor 
MEDM_EXP_BBSECREQ2: 	Minor 
MEDM_EXP_BBSECREQ2: 	Minor 
MEDM_EXP_BBSTATIC: 	Critical 
MEDM_EXP_BBSTATIC: 	Critical 
MEDM_EXP_BBSTATIC: 	Critical 
MEDM_EXP_BBSTATIC: 	Critical 
MEDM_EXP_BRSPRICE: 	Major 
MEDM_EXP_BRSPRICE: 	Major 
MEDM_EXP_BRSPRICE: 	Major 
MEDM_EXP_BRSPRICE: 	Major 
MEDM_EXP_BVAL_ASIA: 	Major 
MEDM_EXP_BVAL_ASIA: 	Major 
MEDM_EXP_BVAL_EUROPE: 	Major 
MEDM_EXP_BVAL_EUROPE: 	Major 
MEDM_EXP_BVAL_US_DS: 	Major 
MEDM_EXP_BVAL_US_DS: 	Major 
MEDM_EXP_BVAL_US_NDS: 	Major 
MEDM_EXP_BVAL_US_NDS: 	Major 
MEDM_EXP_BVALEX: 	Major 
MEDM_EXP_BVALEX: 	Major 
MEDM_EXP_CORPRICEPUB: 	Major 
MEDM_EXP_CORPRICEPUB: 	Major 
MEDM_EXP_CORPRICEPUB: 	Major 
MEDM_EXP_CORPRICEPUB: 	Major 
MEDM_EXP_CORPRICEPUB_BBH-1: 	Critical 
MEDM_EXP_CORPRICEPUB_BBH-1: 	Critical 
MEDM_EXP_CORPRICEPUB_BBH-1: 	Critical 
MEDM_EXP_CORPRICEPUB_BBH-1: 	Critical 
MEDM_EXP_CORPRICEPUB_BBH-2: 	Critical 
MEDM_EXP_CORPRICEPUB_BBH-2: 	Critical 
MEDM_EXP_CORPRICEPUB_BBH-2: 	Critical 
MEDM_EXP_CORPRICEPUB_BBH-2: 	Critical 
MEDM_EXP_CORPRICEPUB_BBH-3_DS: 	Major 
MEDM_EXP_CORPRICEPUB_BBH-3_DS: 	Major 
MEDM_EXP_CORPRICEPUB_BBH-3_DS: 	Major 
MEDM_EXP_CORPRICEPUB_BBH-3_DS: 	Major 
MEDM_EXP_CORPRICEPUB_BBH-3_NDS: 	Major 
MEDM_EXP_CORPRICEPUB_BBH-3_NDS: 	Major 
MEDM_EXP_CORPRICEPUB_BBH-3_NDS: 	Major 
MEDM_EXP_CORPRICEPUB_BBH-3_NDS: 	Major 
MEDM_EXP_CORPRICEPUB_BBH-4_DS: 	Major 
MEDM_EXP_CORPRICEPUB_BBH-4_DS: 	Major 
MEDM_EXP_CORPRICEPUB_BBH-4_DS: 	Major 
MEDM_EXP_CORPRICEPUB_BBH-4_DS: 	Major 
MEDM_EXP_CORPRICEPUB_BBH-4_NDS: 	Major 
MEDM_EXP_CORPRICEPUB_BBH-4_NDS: 	Major 
MEDM_EXP_CORPRICEPUB_BBH-4_NDS: 	Major 
MEDM_EXP_CORPRICEPUB_BBH-4_NDS: 	Major 
MEDM_EXP_CORPRICEPUB_BBH-5_DS: 	Major 
MEDM_EXP_CORPRICEPUB_BBH-5_DS: 	Major 
MEDM_EXP_CORPRICEPUB_BBH-5_DS: 	Major 
MEDM_EXP_CORPRICEPUB_BBH-5_DS: 	Major 
MEDM_EXP_CORPRICEPUB_BBH-5_NDS: 	Major 
MEDM_EXP_CORPRICEPUB_BBH-5_NDS: 	Major 
MEDM_EXP_CORPRICEPUB_BBH-5_NDS: 	Major 
MEDM_EXP_CORPRICEPUB_BBH-5_NDS: 	Major 
MEDM_EXP_CORPRICEPUB_BBH-6_DS: 	Major 
MEDM_EXP_CORPRICEPUB_BBH-6_DS: 	Major 
MEDM_EXP_CORPRICEPUB_BBH-6_DS: 	Major 
MEDM_EXP_CORPRICEPUB_BBH-6_DS: 	Major 
MEDM_EXP_CORPRICEPUB_BBH-6_NDS: 	Major 
MEDM_EXP_CORPRICEPUB_BBH-6_NDS: 	Major 
MEDM_EXP_CORPRICEPUB_BBH-6_NDS: 	Major 
MEDM_EXP_CORPRICEPUB_BBH-6_NDS: 	Major 
MEDM_EXP_CORPRICEPUB_BBH-7_DS: 	Major 
MEDM_EXP_CORPRICEPUB_BBH-7_DS: 	Major 
MEDM_EXP_CORPRICEPUB_BBH-7_DS: 	Major 
MEDM_EXP_CORPRICEPUB_BBH-7_DS: 	Major 
MEDM_EXP_CORPRICEPUB_BBH-7_NDS: 	Major 
MEDM_EXP_CORPRICEPUB_BBH-7_NDS: 	Major 
MEDM_EXP_CORPRICEPUB_BBH-7_NDS: 	Major 
MEDM_EXP_CORPRICEPUB_BBH-7_NDS: 	Major 
MEDM_EXP_CORPRICEPUB_BBH-8_DS: 	Major 
MEDM_EXP_CORPRICEPUB_BBH-8_DS: 	Major 
MEDM_EXP_CORPRICEPUB_BBH-8_DS: 	Major 
MEDM_EXP_CORPRICEPUB_BBH-8_DS: 	Major 
MEDM_EXP_CORPRICEPUB_BBH-8_NDS: 	Major 
MEDM_EXP_CORPRICEPUB_BBH-8_NDS: 	Major 
MEDM_EXP_CORPRICEPUB_BBH-8_NDS: 	Major 
MEDM_EXP_CORPRICEPUB_BBH-8_NDS: 	Major 
MEDM_EXP_CORPRICEPUB_Early1: 	Major 
MEDM_EXP_CORPRICEPUB_Early1: 	Major 
MEDM_EXP_CORPRICEPUB_Early1: 	Major 
MEDM_EXP_CORPRICEPUB_Early1: 	Major 
MEDM_EXP_CORPRICEPUB_Early2: 	Major 
MEDM_EXP_CORPRICEPUB_Early2: 	Major 
MEDM_EXP_CORPRICEPUB_Early2: 	Major 
MEDM_EXP_CORPRICEPUB_Early2: 	Major 
MEDM_EXP_CORPRICEPUB_I: 	Major 
MEDM_EXP_CORPRICEPUB_I: 	Major 
MEDM_EXP_CORPRICEPUB_I: 	Major 
MEDM_EXP_CORPRICEPUB_I: 	Major 
MEDM_EXP_CORPRICEPUB_II: 	Major 
MEDM_EXP_CORPRICEPUB_II: 	Major 
MEDM_EXP_CORPRICEPUB_II: 	Major 
MEDM_EXP_CORPRICEPUB_II: 	Major 
MEDM_EXP_CORPRICEPUB_III: 	Major 
MEDM_EXP_CORPRICEPUB_III: 	Major 
MEDM_EXP_CORPRICEPUB_III: 	Major 
MEDM_EXP_CORPRICEPUB_III: 	Major 
MEDM_EXP_CORPRICEPUB_IV: 	Major 
MEDM_EXP_CORPRICEPUB_IV: 	Major 
MEDM_EXP_CORPRICEPUB_IV: 	Major 
MEDM_EXP_CORPRICEPUB_IV: 	Major 
MEDM_EXP_CORPRICEPUB_V: 	Major 
MEDM_EXP_CORPRICEPUB_V: 	Major 
MEDM_EXP_CORPRICEPUB_V: 	Major 
MEDM_EXP_CORPRICEPUB_V: 	Major 
MEDM_EXP_CORPRICEPUB_VI: 	Major 
MEDM_EXP_CORPRICEPUB_VI: 	Major 
MEDM_EXP_CORPRICEPUB_VI: 	Major 
MEDM_EXP_CORPRICEPUB_VI: 	Major 
MEDM_EXP_CORPRICEPUB_VII: 	Major 
MEDM_EXP_CORPRICEPUB_VII: 	Major 
MEDM_EXP_CORPRICEPUB_VII: 	Major 
MEDM_EXP_CORPRICEPUB_VII: 	Major 
MEDM_EXP_CORPRICEPUB_VIII: 	Major 
MEDM_EXP_CORPRICEPUB_VIII: 	Major 
MEDM_EXP_CORPRICEPUB_VIII: 	Major 
MEDM_EXP_CORPRICEPUB_VIII: 	Major 
MEDM_EXP_COUNTRY_RATING: 	Critical 
MEDM_EXP_COUNTRY_RATING: 	Critical 
MEDM_EXP_DWHEXC: 	Major 
MEDM_EXP_DWHEXC: 	Major 
MEDM_EXP_DWHEXC: 	Major 
MEDM_EXP_DWHEXC: 	Major 
MEDM_EXP_DWHPRICES: 	Major 
MEDM_EXP_DWHPRICES: 	Major 
MEDM_EXP_DWHPRICES: 	Major 
MEDM_EXP_DWHPRICES: 	Major 
MEDM_EXP_DWHREP: 	Major 
MEDM_EXP_DWHREP: 	Major 
MEDM_EXP_DWHREP: 	Major 
MEDM_EXP_DWHREP: 	Major 
MEDM_EXP_DWHSTATIC: 	Major 
MEDM_EXP_DWHSTATIC: 	Major 
MEDM_EXP_DWHSTATIC: 	Major 
MEDM_EXP_DWHSTATIC: 	Major 
MEDM_EXP_FAIRVAL_PUBLICATION: 	Critical 
MEDM_EXP_FAIRVAL_PUBLICATION: 	Major 
MEDM_EXP_FAIRVAL_PUBLICATION: 	Major 
MEDM_EXP_FAIRVAL_PUBLICATION: 	Critical 
MEDM_EXP_IBOXX: 	Critical 
MEDM_EXP_IBOXX: 	Critical 
MEDM_EXP_IBOXX: 	Critical 
MEDM_EXP_IBOXX: 	Critical 
MEDM_EXP_IDCPRICE: 	Major 
MEDM_EXP_IDCPRICE: 	Major 
MEDM_EXP_IDCPRICE: 	Major 
MEDM_EXP_IDCPRICE: 	Major 
MEDM_EXP_IDCPRICE_DS: 	Major 
MEDM_EXP_IDCPRICE_DS: 	Major 
MEDM_EXP_IDCPRICE_DS: 	Major 
MEDM_EXP_IDCPRICE_DS: 	Major 
MEDM_EXP_IDCPRICE_NDS: 	Major 
MEDM_EXP_IDCPRICE_NDS: 	Major 
MEDM_EXP_IDCPRICE_NDS: 	Major 
MEDM_EXP_IDCPRICE_NDS: 	Major 
MEDM_EXP_MASTERPUB: 	Critical 
MEDM_EXP_MASTERPUB: 	Critical 
MEDM_EXP_MASTERPUB: 	Critical 
MEDM_EXP_MASTERPUB: 	Critical 
MEDM_EXP_MASTERPUB_BBH: 	Critical 
MEDM_EXP_MASTERPUB_BBH: 	Critical 
MEDM_EXP_MASTERPUB_BBH: 	Critical 
MEDM_EXP_MASTERPUB_BBH: 	Critical 
MEDM_EXP_MASTERPUB_BBH2: 	Critical 
MEDM_EXP_MASTERPUB_BBH2: 	Major 
MEDM_EXP_MASTERPUB_BBH2: 	Critical 
MEDM_EXP_MASTERPUB_BBH2: 	Major 
MEDM_EXP_MASTERPUB_rerun: 	Critical 
MEDM_EXP_MASTERPUB_rerun: 	Critical 
MEDM_EXP_RELSCDPRICES: 	Critical 
MEDM_EXP_RELSCDPRICES: 	Critical 
MEDM_EXP_RELSCDPRICES: 	Critical 
MEDM_EXP_RELSCDPRICES: 	Critical 
MEDM_EXP_RELSCDPRICES_Early1: 	Critical 
MEDM_EXP_RELSCDPRICES_Early1: 	Critical 
MEDM_EXP_RELSCDPRICES_Early1: 	Critical 
MEDM_EXP_RELSCDPRICES_Early1: 	Critical 
MEDM_EXP_RELSCDPRICES_Early2: 	Critical 
MEDM_EXP_RELSCDPRICES_Early2: 	Critical 
MEDM_EXP_RELSCDPRICES_Early2: 	Critical 
MEDM_EXP_RELSCDPRICES_Early2: 	Critical 
MEDM_EXP_RELSCDPRICES_I: 	Critical 
MEDM_EXP_RELSCDPRICES_I: 	Critical 
MEDM_EXP_RELSCDPRICES_I: 	Critical 
MEDM_EXP_RELSCDPRICES_I: 	Critical 
MEDM_EXP_RELSCDPRICES_II: 	Critical 
MEDM_EXP_RELSCDPRICES_II: 	Critical 
MEDM_EXP_RELSCDPRICES_II: 	Critical 
MEDM_EXP_RELSCDPRICES_II: 	Critical 
MEDM_EXP_RELSCDPRICES_III: 	Critical 
MEDM_EXP_RELSCDPRICES_III: 	Critical 
MEDM_EXP_RELSCDPRICES_III: 	Critical 
MEDM_EXP_RELSCDPRICES_III: 	Critical 
MEDM_EXP_RELSCDPRICES_IV: 	Critical 
MEDM_EXP_RELSCDPRICES_IV: 	Critical 
MEDM_EXP_RELSCDPRICES_IV: 	Critical 
MEDM_EXP_RELSCDPRICES_IV: 	Critical 
MEDM_EXP_RELSCDPRICES_MPUB: 	Critical 
MEDM_EXP_RELSCDPRICES_MPUB: 	Critical 
MEDM_EXP_RELSCDPRICES_MPUB: 	Critical 
MEDM_EXP_RELSCDPRICES_MPUB: 	Critical 
MEDM_EXP_RELSCDPRICES_V: 	Critical 
MEDM_EXP_RELSCDPRICES_V: 	Critical 
MEDM_EXP_RELSCDPRICES_V: 	Critical 
MEDM_EXP_RELSCDPRICES_V: 	Critical 
MEDM_EXP_RELSCDPRICES_VI: 	Critical 
MEDM_EXP_RELSCDPRICES_VI: 	Critical 
MEDM_EXP_RELSCDPRICES_VI: 	Critical 
MEDM_EXP_RELSCDPRICES_VI: 	Critical 
MEDM_EXP_RELSCDPRICES_VII: 	Critical 
MEDM_EXP_RELSCDPRICES_VII: 	Critical 
MEDM_EXP_RELSCDPRICES_VII: 	Critical 
MEDM_EXP_RELSCDPRICES_VII: 	Critical 
MEDM_EXP_RELSCDPRICES_VIII: 	Critical 
MEDM_EXP_RELSCDPRICES_VIII: 	Critical 
MEDM_EXP_RELSCDPRICES_VIII: 	Critical 
MEDM_EXP_RELSCDPRICES_VIII: 	Critical 
MEDM_EXP_SCDRATINGS: 	Major 
MEDM_EXP_SCDRATINGS: 	Major 
MEDM_EXP_SCDRATINGS: 	Major 
MEDM_EXP_SCDRATINGS: 	Major 
MEDM_EXP_SECMON: 	Major 
MEDM_EXP_SECMON: 	Major 
MEDM_EXP_TO_RISK: 	Major 
MEDM_EXP_TO_RISK: 	Major 
MEDM_IMP_BARABS1_DS: 	Critical 
MEDM_IMP_BARABS1_DS: 	Critical 
MEDM_IMP_BARABS1_DS: 	Critical 
MEDM_IMP_BARABS1_DS: 	Critical 
MEDM_IMP_BARABS1_NDS: 	Critical 
MEDM_IMP_BARABS1_NDS: 	Critical 
MEDM_IMP_BARABS1_NDS: 	Critical 
MEDM_IMP_BARABS1_NDS: 	Critical 
MEDM_IMP_BARABS2_NDS: 	Critical 
MEDM_IMP_BARABS2_NDS: 	Critical 
MEDM_IMP_BARAPGLA_DS: 	Critical 
MEDM_IMP_BARAPGLA_DS: 	Critical 
MEDM_IMP_BARAPGLA_DS: 	Critical 
MEDM_IMP_BARAPGLA_DS: 	Critical 
MEDM_IMP_BARAPGLA_NDS: 	Critical 
MEDM_IMP_BARAPGLA_NDS: 	Critical 
MEDM_IMP_BARAPGLA_NDS: 	Critical 
MEDM_IMP_BARAPGLA_NDS: 	Critical 
MEDM_IMP_BARASIA: 	Critical 
MEDM_IMP_BARASIA: 	Critical 
MEDM_IMP_BARASIA: 	Critical 
MEDM_IMP_BARASIA: 	Critical 
MEDM_IMP_BARDOM: 	Major 
MEDM_IMP_BARDOM: 	Critical 
MEDM_IMP_BARDOM: 	Critical 
MEDM_IMP_BARDOM: 	Major 
MEDM_IMP_BAREUR: 	Critical 
MEDM_IMP_BAREUR: 	Critical 
MEDM_IMP_BAREUR: 	Critical 
MEDM_IMP_BAREUR: 	Critical 
MEDM_IMP_BAREURSHRTSY_DS: 	Critical 
MEDM_IMP_BAREURSHRTSY_DS: 	Critical 
MEDM_IMP_BAREURSHRTSY_DS: 	Critical 
MEDM_IMP_BAREURSHRTSY_DS: 	Critical 
MEDM_IMP_BAREURSHRTSY_NDS: 	Critical 
MEDM_IMP_BAREURSHRTSY_NDS: 	Critical 
MEDM_IMP_BAREURSHRTSY_NDS: 	Critical 
MEDM_IMP_BAREURSHRTSY_NDS: 	Critical 
MEDM_IMP_BARPEGLA_DS: 	Critical 
MEDM_IMP_BARPEGLA_DS: 	Critical 
MEDM_IMP_BARPEGLA_DS: 	Critical 
MEDM_IMP_BARPEGLA_DS: 	Critical 
MEDM_IMP_BARPEGLA_NDS: 	Critical 
MEDM_IMP_BARPEGLA_NDS: 	Critical 
MEDM_IMP_BARPEGLA_NDS: 	Critical 
MEDM_IMP_BARPEGLA_NDS: 	Critical 
MEDM_IMP_BB_FIELDS_DS: 	Major 
MEDM_IMP_BB_FIELDS_DS: 	Major 
MEDM_IMP_BB_FIELDS_DS: 	Major 
MEDM_IMP_BB_FIELDS_DS: 	Major 
MEDM_IMP_BB_FIELDS_NDS: 	Major 
MEDM_IMP_BB_FIELDS_NDS: 	Major 
MEDM_IMP_BB_FIELDS_NDS: 	Major 
MEDM_IMP_BB_FIELDS_NDS: 	Major 
MEDM_IMP_BBEARLY: 	Critical 
MEDM_IMP_BBEARLY: 	Critical 
MEDM_IMP_BBEARLY: 	Critical 
MEDM_IMP_BBEARLY: 	Critical 
MEDM_IMP_BBEXCEPTION: 	Critical 
MEDM_IMP_BBEXCEPTION: 	Critical 
MEDM_IMP_BBEXCEPTION: 	Critical 
MEDM_IMP_BBEXCEPTION: 	Critical 
MEDM_IMP_BBEXCEPTION1_DS: 	Critical 
MEDM_IMP_BBEXCEPTION1_DS: 	Critical 
MEDM_IMP_BBEXCEPTION1_DS: 	Critical 
MEDM_IMP_BBEXCEPTION1_DS: 	Critical 
MEDM_IMP_BBEXCEPTION1_NDS: 	Critical 
MEDM_IMP_BBEXCEPTION1_NDS: 	Critical 
MEDM_IMP_BBEXCEPTION1_NDS: 	Critical 
MEDM_IMP_BBEXCEPTION1_NDS: 	Critical 
MEDM_IMP_BBEXCEPTION1_NDS_old: 	Critical 
MEDM_IMP_BBEXCEPTION1_NDS_old: 	Critical 
MEDM_IMP_BBEXCEPTION1_NDS_old: 	Critical 
MEDM_IMP_BBEXCEPTION1_NDS_old: 	Critical 
MEDM_IMP_BBHPrice: 	Critical 
MEDM_IMP_BBHPrice: 	Critical 
MEDM_IMP_BBHPrice: 	Critical 
MEDM_IMP_BBHPrice: 	Critical 
MEDM_IMP_BBLATENIGHT: 	Critical 
MEDM_IMP_BBLATENIGHT: 	Critical 
MEDM_IMP_BBLATENIGHT: 	Critical 
MEDM_IMP_BBLATENIGHT: 	Critical 
MEDM_IMP_BBMF: 	Critical 
MEDM_IMP_BBMF: 	Critical 
MEDM_IMP_BBMF: 	Critical 
MEDM_IMP_BBMF: 	Critical 
MEDM_IMP_BBNIGHT_DS: 	Critical 
MEDM_IMP_BBNIGHT_DS: 	Critical 
MEDM_IMP_BBNIGHT_DS: 	Critical 
MEDM_IMP_BBNIGHT_DS: 	Critical 
MEDM_IMP_BBNIGHT_NDS: 	Critical 
MEDM_IMP_BBNIGHT_NDS: 	Critical 
MEDM_IMP_BBNIGHT_NDS: 	Critical 
MEDM_IMP_BBNIGHT_NDS: 	Critical 
MEDM_IMP_BBSTATIC: 	Critical 
MEDM_IMP_BBSTATIC: 	Critical 
MEDM_IMP_BBSTATIC: 	Critical 
MEDM_IMP_BBSTATIC: 	Critical 
MEDM_IMP_BRSPRICE: 	Major 
MEDM_IMP_BRSPRICE: 	Major 
MEDM_IMP_BRSPRICE: 	Major 
MEDM_IMP_BRSPRICE: 	Major 
MEDM_IMP_BRSSEC: 	Major 
MEDM_IMP_BRSSEC: 	Major 
MEDM_IMP_BRSSEC: 	Major 
MEDM_IMP_BRSSEC: 	Major 
MEDM_IMP_BRSTRANS: 	Major 
MEDM_IMP_BRSTRANS: 	Major 
MEDM_IMP_BVALEX: 	Critical 
MEDM_IMP_BVALEX: 	Critical 
MEDM_IMP_BVALL: 	Critical 
MEDM_IMP_BVALL: 	Critical 
MEDM_IMP_BVALN: 	Critical 
MEDM_IMP_BVALN: 	Critical 
MEDM_IMP_BVALN_DS: 	Critical 
MEDM_IMP_BVALN_DS: 	Critical 
MEDM_IMP_BVALT: 	Critical 
MEDM_IMP_BVALT: 	Critical 
MEDM_IMP_ENRICH_SCD_RECON: 	Critical 
MEDM_IMP_ENRICH_SCD_RECON: 	Critical 
MEDM_IMP_IBOXX_EUR_EOD: 	Major 
MEDM_IMP_IBOXX_EUR_EOD: 	Major 
MEDM_IMP_IBOXX_EUR_EOD: 	Major 
MEDM_IMP_IBOXX_EUR_EOD: 	Major 
MEDM_IMP_IBOXX_EUR_HY: 	Major 
MEDM_IMP_IBOXX_EUR_HY: 	Major 
MEDM_IMP_IBOXX_EUR_HY: 	Major 
MEDM_IMP_IBOXX_EUR_HY: 	Major 
MEDM_IMP_IBOXX_GBP_EOD: 	Major 
MEDM_IMP_IBOXX_GBP_EOD: 	Major 
MEDM_IMP_IBOXX_GBP_EOD: 	Major 
MEDM_IMP_IBOXX_GBP_EOD: 	Major 
MEDM_IMP_IBOXX_USD_EOD: 	Major 
MEDM_IMP_IBOXX_USD_EOD: 	Major 
MEDM_IMP_IBOXX_USD_EOD: 	Major 
MEDM_IMP_IBOXX_USD_EOD: 	Major 
MEDM_IMP_IDCPRICE: 	Critical 
MEDM_IMP_IDCPRICE: 	Critical 
MEDM_IMP_IDCPRICE: 	Critical 
MEDM_IMP_IDCPRICE: 	Critical 
MEDM_IMP_IDCPRICE_DS: 	Critical 
MEDM_IMP_IDCPRICE_DS: 	Critical 
MEDM_IMP_IDCPRICE_DS: 	Critical 
MEDM_IMP_IDCPRICE_DS: 	Critical 
MEDM_IMP_IDCPRICE_NDS: 	Critical 
MEDM_IMP_IDCPRICE_NDS: 	Critical 
MEDM_IMP_IDCPRICE_NDS: 	Critical 
MEDM_IMP_IDCPRICE_NDS: 	Critical 
MEDM_IMP_IIMPRICE_DS: 	Critical 
MEDM_IMP_IIMPRICE_DS: 	Critical 
MEDM_IMP_IIMPRICE_DS: 	Critical 
MEDM_IMP_IIMPRICE_DS: 	Critical 
MEDM_IMP_IIMPRICE_NDS: 	Critical 
MEDM_IMP_IIMPRICE_NDS: 	Critical 
MEDM_IMP_IIMPRICE_NDS: 	Critical 
MEDM_IMP_IIMPRICE_NDS: 	Critical 
MEDM_IMP_MARKIT_DS: 	Critical 
MEDM_IMP_MARKIT_DS: 	Critical 
MEDM_IMP_MARKIT_DS: 	Critical 
MEDM_IMP_MARKIT_DS: 	Critical 
MEDM_IMP_MARKIT_NDS: 	Critical 
MEDM_IMP_MARKIT_NDS: 	Critical 
MEDM_IMP_MARKIT_NDS: 	Critical 
MEDM_IMP_MARKIT_NDS: 	Critical 
MEDM_IMP_MI_MAS_IBOXX: 	Major 
MEDM_IMP_MI_MAS_IBOXX: 	Major 
MEDM_IMP_MI_MAS_IBOXX: 	Major 
MEDM_IMP_MI_MAS_IBOXX: 	Major 
MEDM_IMP_MOST: 	Major 
MEDM_IMP_MOST: 	Major 
MEDM_IMP_MOST: 	Major 
MEDM_IMP_MOST: 	Major 
MEDM_IMP_MP_AGEALL_DS: 	Critical 
MEDM_IMP_MP_AGEALL_DS: 	Critical 
MEDM_IMP_MP_AGEALL_DS: 	Critical 
MEDM_IMP_MP_AGEALL_DS: 	Critical 
MEDM_IMP_MP_AGEALL_NDS: 	Critical 
MEDM_IMP_MP_AGEALL_NDS: 	Critical 
MEDM_IMP_MP_AGEALL_NDS: 	Critical 
MEDM_IMP_MP_AGEALL_NDS: 	Critical 
MEDM_IMP_MP_BARABS_DS: 	Critical 
MEDM_IMP_MP_BARABS_DS: 	Critical 
MEDM_IMP_MP_BARABS_DS: 	Critical 
MEDM_IMP_MP_BARABS_DS: 	Critical 
MEDM_IMP_MP_BARABS_NDS: 	Critical 
MEDM_IMP_MP_BARABS_NDS: 	Critical 
MEDM_IMP_MP_BARABS_NDS: 	Critical 
MEDM_IMP_MP_BARABS_NDS: 	Critical 
MEDM_IMP_MP_BBEARLY: 	Critical 
MEDM_IMP_MP_BBEARLY: 	Critical 
MEDM_IMP_MP_BBEARLY: 	Critical 
MEDM_IMP_MP_BBEARLY: 	Critical 
MEDM_IMP_MP_BBEXCEPTION: 	Critical 
MEDM_IMP_MP_BBEXCEPTION: 	Critical 
MEDM_IMP_MP_BBEXCEPTION: 	Critical 
MEDM_IMP_MP_BBEXCEPTION: 	Critical 
MEDM_IMP_MP_BBHPRICE: 	Critical 
MEDM_IMP_MP_BBHPRICE: 	Critical 
MEDM_IMP_MP_BBHPRICE: 	Critical 
MEDM_IMP_MP_BBHPRICE: 	Critical 
MEDM_IMP_MP_BBLATENIGHT: 	Critical 
MEDM_IMP_MP_BBLATENIGHT: 	Critical 
MEDM_IMP_MP_BBLATENIGHT: 	Critical 
MEDM_IMP_MP_BBLATENIGHT: 	Critical 
MEDM_IMP_MP_BBMF: 	Critical 
MEDM_IMP_MP_BBMF: 	Critical 
MEDM_IMP_MP_BBMF: 	Critical 
MEDM_IMP_MP_BBMF: 	Critical 
MEDM_IMP_MP_NIGHT_NDS: 	Critical 
MEDM_IMP_MP_NIGHT_NDS: 	Critical 
MEDM_IMP_MP_NIGHT_NDS: 	Critical 
MEDM_IMP_MP_NIGHT_NDS: 	Critical 
MEDM_IMP_MP_NIGHT1_DS: 	Critical 
MEDM_IMP_MP_NIGHT1_DS: 	Critical 
MEDM_IMP_MP_NIGHT1_DS: 	Critical 
MEDM_IMP_MP_NIGHT1_DS: 	Critical 
MEDM_IMP_MPSH_BBH_1ST LOAD: 	Major 
MEDM_IMP_MPSH_BBH_1ST LOAD: 	Major 
MEDM_IMP_MPSH_BBH_1ST LOAD: 	Major 
MEDM_IMP_MPSH_BBH_1ST LOAD: 	Major 
MEDM_IMP_MPSH_BBH_2ND LOAD: 	Major 
MEDM_IMP_MPSH_BBH_2ND LOAD: 	Major 
MEDM_IMP_MPSH_BBH_2ND LOAD: 	Major 
MEDM_IMP_MPSH_BBH_2ND LOAD: 	Major 
MEDM_IMP_MPSH_SUBSCRIPT1: 	Critical 
MEDM_IMP_MPSH_SUBSCRIPT1: 	Critical 
MEDM_IMP_MPSH_SUBSCRIPT1: 	Critical 
MEDM_IMP_MPSH_SUBSCRIPT1: 	Critical 
MEDM_IMP_MPSH_SUBSCRIPT2: 	Major 
MEDM_IMP_MPSH_SUBSCRIPT2: 	Major 
MEDM_IMP_MPSH_SUBSCRIPT2: 	Major 
MEDM_IMP_MPSH_SUBSCRIPT2: 	Major 
MEDM_IMP_MPSH_SUBSCRIPT3: 	Major 
MEDM_IMP_MPSH_SUBSCRIPT3: 	Major 
MEDM_IMP_MPSH_SUBSCRIPT3: 	Major 
MEDM_IMP_MPSH_SUBSCRIPT3: 	Major 
MEDM_IMP_MPSH_SUBSCRIPT4: 	Major 
MEDM_IMP_MPSH_SUBSCRIPT4: 	Major 
MEDM_IMP_MPSH_SUBSCRIPT4: 	Major 
MEDM_IMP_MPSH_SUBSCRIPT4: 	Major 
MEDM_IMP_MS_BBSTATIC: 	Critical 
MEDM_IMP_MS_BBSTATIC: 	Critical 
MEDM_IMP_MS_BBSTATIC: 	Critical 
MEDM_IMP_MS_BBSTATIC: 	Critical 
MEDM_IMP_MS2_BBSTATIC: 	Critical 
MEDM_IMP_MS2_BBSTATIC: 	Critical 
MEDM_IMP_MS2_BBSTATIC: 	Critical 
MEDM_IMP_MS2_BBSTATIC: 	Critical 
MEDM_IMP_MSA_BBSTATIC: 	Critical 
MEDM_IMP_MSA_BBSTATIC: 	Critical 
MEDM_IMP_MSA_BBSTATIC: 	Critical 
MEDM_IMP_MSA_BBSTATIC: 	Critical 
MEDM_IMP_MSR_BBSTATIC: 	Critical 
MEDM_IMP_MSR_BBSTATIC: 	Critical 
MEDM_IMP_MSR_BBSTATIC: 	Critical 
MEDM_IMP_MSR_BBSTATIC: 	Critical 
MEDM_IMP_MSS_BBSTATIC: 	Critical 
MEDM_IMP_MSS_BBSTATIC: 	Critical 
MEDM_IMP_MSS_BBSTATIC: 	Critical 
MEDM_IMP_MSS_BBSTATIC: 	Critical 
MEDM_IMP_NEWSEC1: 	Major 
MEDM_IMP_NEWSEC1: 	Major 
MEDM_IMP_NEWSEC1: 	Major 
MEDM_IMP_NEWSEC1: 	Major 
MEDM_IMP_NEWSEC2: 	Major 
MEDM_IMP_NEWSEC2: 	Major 
MEDM_IMP_PM_COUNTRY_RATING: 	Critical 
MEDM_IMP_PM_COUNTRY_RATING: 	Critical 
MEDM_IMP_PM_COUNTRY_RATING: 	Critical 
MEDM_IMP_POSITION_SUBSCRIPT_BRS: 	Critical 
MEDM_IMP_POSITION_SUBSCRIPT_BRS: 	Critical 
MEDM_IMP_POSITION_SUBSCRIPT_BRS_MON: 	Critical 
MEDM_IMP_POSITION_SUBSCRIPT_BRS_MON: 	Critical 
MEDM_IMP_REC_BRSPRICE: 	Major 
MEDM_IMP_REC_BRSPRICE: 	Major 
MEDM_IMP_REC_BRSPRICE: 	Major 
MEDM_IMP_REC_BRSPRICE: 	Major 
MEDM_IMP_REC_BRSSEC: 	Major 
MEDM_IMP_REC_BRSSEC: 	Major 
MEDM_IMP_REC_BRSSEC: 	Major 
MEDM_IMP_REC_BRSSEC: 	Major 
MEDM_IMP_REC_BRSTRANS: 	Major 
MEDM_IMP_REC_BRSTRANS: 	Major 
MEDM_IMP_SCD_RECON: 	Critical 
MEDM_IMP_SCD_RECON: 	Critical 
MEDM_IMP_SM_BARABS_DS: 	Critical 
MEDM_IMP_SM_BARABS_DS: 	Critical 
MEDM_IMP_SM_BARABS_DS: 	Critical 
MEDM_IMP_SM_BARABS_DS: 	Critical 
MEDM_IMP_SM_BARABS_NDS: 	Critical 
MEDM_IMP_SM_BARABS_NDS: 	Critical 
MEDM_IMP_SM_BARABS_NDS: 	Critical 
MEDM_IMP_SM_BARABS_NDS: 	Critical 
MEDM_IMP_SM_BBEARLY: 	Critical 
MEDM_IMP_SM_BBEARLY: 	Critical 
MEDM_IMP_SM_BBEARLY: 	Critical 
MEDM_IMP_SM_BBEARLY: 	Critical 
MEDM_IMP_SM_BBEXCEPTION: 	Critical 
MEDM_IMP_SM_BBEXCEPTION: 	Critical 
MEDM_IMP_SM_BBEXCEPTION: 	Critical 
MEDM_IMP_SM_BBEXCEPTION: 	Critical 
MEDM_IMP_SM_BBHPRICE: 	Critical 
MEDM_IMP_SM_BBHPRICE: 	Critical 
MEDM_IMP_SM_BBHPRICE: 	Critical 
MEDM_IMP_SM_BBHPRICE: 	Critical 
MEDM_IMP_SM_BBLATENIGHT: 	Critical 
MEDM_IMP_SM_BBLATENIGHT: 	Critical 
MEDM_IMP_SM_BBLATENIGHT: 	Critical 
MEDM_IMP_SM_BBLATENIGHT: 	Critical 
MEDM_IMP_SM_BBMF: 	Critical 
MEDM_IMP_SM_BBMF: 	Critical 
MEDM_IMP_SM_BBMF: 	Critical 
MEDM_IMP_SM_BBMF: 	Critical 
MEDM_IMP_SM_BBSTATIC: 	Critical 
MEDM_IMP_SM_BBSTATIC: 	Critical 
MEDM_IMP_SM_BBSTATIC: 	Critical 
MEDM_IMP_SM_BBSTATIC: 	Critical 
MEDM_IMP_SM_BRSPRICE: 	Major 
MEDM_IMP_SM_BRSPRICE: 	Major 
MEDM_IMP_SM_BRSPRICE: 	Major 
MEDM_IMP_SM_BRSPRICE: 	Major 
MEDM_IMP_SM_BRSSEC: 	Major 
MEDM_IMP_SM_BRSSEC: 	Major 
MEDM_IMP_SM_BRSSEC: 	Major 
MEDM_IMP_SM_BRSSEC: 	Major 
MEDM_IMP_SM_NIGHT_NDS: 	Critical 
MEDM_IMP_SM_NIGHT_NDS: 	Critical 
MEDM_IMP_SM_NIGHT_NDS: 	Critical 
MEDM_IMP_SM_NIGHT_NDS: 	Critical 
MEDM_IMP_SM_NIGHT_Rerun_NDS: 	Critical 
MEDM_IMP_SM_NIGHT_Rerun_NDS: 	Critical 
MEDM_IMP_SM_NIGHT1_DS: 	Critical 
MEDM_IMP_SM_NIGHT1_DS: 	Critical 
MEDM_IMP_SM_NIGHT1_DS: 	Critical 
MEDM_IMP_SM_NIGHT1_DS: 	Critical 
MEDM_IMP_SM_NIGHT1_Rerun_DS: 	Critical 
MEDM_IMP_SM_NIGHT1_Rerun_DS: 	Critical 
MEDM_IMP_ST_IBOXX: 	Major 
MEDM_IMP_ST_IBOXX: 	Major 
MEDM_IMP_ST_IBOXX: 	Major 
MEDM_IMP_ST_IBOXX: 	Major 
MEDM_IMP_SUB_ENRICH_BBH: 	Critical 
MEDM_IMP_SUB_ENRICH_BBH: 	Critical 
MEDM_IMP_SUB_ENRICH_BBH: 	Critical 
MEDM_IMP_SUB_ENRICH_BBH: 	Critical 
MEDM_IMP_SUB_ENRICH_BBH2: 	Critical 
MEDM_IMP_SUB_ENRICH_BBH2: 	Critical 
MEDM_IMP_SUB_ENRICH_BBH2: 	Critical 
MEDM_IMP_SUB_ENRICH_BBH2: 	Critical 
MEDM_IMP_SUBSCRIPT_BBH: 	Critical 
MEDM_IMP_SUBSCRIPT_BBH: 	Critical 
MEDM_IMP_SUBSCRIPT_BBH: 	Critical 
MEDM_IMP_SUBSCRIPT_BBH: 	Critical 
MEDM_IMP_SUBSCRIPT_BBH-FV_DS: 	Critical 
MEDM_IMP_SUBSCRIPT_BBH-FV_DS: 	Critical 
MEDM_IMP_SUBSCRIPT_BBH-FV_DS: 	Critical 
MEDM_IMP_SUBSCRIPT_BBH-FV_DS: 	Critical 
MEDM_IMP_SUBSCRIPT_BBH-FV_NDS: 	Critical 
MEDM_IMP_SUBSCRIPT_BBH-FV_NDS: 	Critical 
MEDM_IMP_SUBSCRIPT_BBH-FV_NDS: 	Critical 
MEDM_IMP_SUBSCRIPT_BBH-FV_NDS: 	Critical 
MEDM_IMP_SUBSCRIPT_BBH2: 	Critical 
MEDM_IMP_SUBSCRIPT_BBH2: 	Critical 
MEDM_IMP_SUBSCRIPT_BBH2: 	Critical 
MEDM_IMP_SUBSCRIPT_BBH2: 	Critical 
MEDM_IMP_SUBSCRIPT1: 	Critical 
MEDM_IMP_SUBSCRIPT1: 	Major 
MEDM_IMP_SUBSCRIPT1: 	Major 
MEDM_IMP_SUBSCRIPT1: 	Critical 
MEDM_IMP_SUBSCRIPT2: 	Major 
MEDM_IMP_SUBSCRIPT2: 	Major 
MEDM_IMP_SUBSCRIPT2: 	Major 
MEDM_IMP_SUBSCRIPT2: 	Major 
MEDM_IMP_SUBSCRIPT3: 	Major 
MEDM_IMP_SUBSCRIPT3: 	Major 
MEDM_IMP_SUBSCRIPT3: 	Major 
MEDM_IMP_SUBSCRIPT3: 	Major 
MEDM_IMP_SUBSCRIPT4: 	Major 
MEDM_IMP_SUBSCRIPT4: 	Major 
MEDM_IMP_SUBSCRIPT4: 	Major 
MEDM_IMP_SUBSCRIPT4: 	Major 
MEDM_IMP_UPDMANSUB1: 	Major 
MEDM_IMP_UPDMANSUB1: 	Major 
MEDM_IMP_UPDMANSUB1: 	Major 
MEDM_IMP_UPDMANSUB1: 	Major 
MEDM_IMP_UPDMANSUB2: 	Major 
MEDM_IMP_UPDMANSUB2: 	Major 
MEDM_IMP_UPDMANSUB2: 	Major 
MEDM_IMP_UPDMANSUB2: 	Major 
MEDM_IMP_UPDMASTRAT1: 	Major 
MEDM_IMP_UPDMASTRAT1: 	Major 
MEDM_IMP_UPDMASTRAT1: 	Major 
MEDM_IMP_UPDMASTRAT1: 	Major 
MEDM_IMP_UPDMASTRAT2: 	Major 
MEDM_IMP_UPDMASTRAT2: 	Major 
MEDM_IMP_UPDMASTRAT2: 	Major 
MEDM_IMP_UPDMASTRAT2: 	Major 
MEDM_IMP_UPDMASTSEC1: 	Major 
MEDM_IMP_UPDMASTSEC1: 	Major 
MEDM_IMP_UPDMASTSEC1: 	Major 
MEDM_IMP_UPDMASTSEC1: 	Major 
MEDM_IMP_UPDMASTSEC2: 	Major 
MEDM_IMP_UPDMASTSEC2: 	Major 
MEDM_IMP_UPDMASTSEC2: 	Major 
MEDM_IMP_UPDMASTSEC2: 	Major 
MEDM_IMP_VLK: 	Critical 
MEDM_IMP_VLK: 	Critical 
MEDM_IMP_VLK: 	Critical 
MEDM_IMP_VLK: 	Critical 
MEDM_MAINT_ARCHIVE: 	Major 
MEDM_MAINT_ARCHIVE: 	Major 
MEDM_MAINT_ARCHIVE: 	Major 
MEDM_MAINT_ARCHIVE: 	Major 
MEDM_MAINT_ARCHIVE_DATA: 	Major 
MEDM_MAINT_ARCHIVE_DATA: 	Major 
MEDM_MAINT_ARCHIVE_DATA: 	Major 
MEDM_MAINT_ARCHIVE_DATA: 	Major 
MEDM_MAINT_COPY_POS: 	Major 
MEDM_MAINT_COPY_POS: 	Major 
MEDM_MAINT_DATASTORE_NNIP: 	Major 
MEDM_MAINT_DATASTORE_NNIP: 	Major 
MEDM_MAINT_DATASTORE_NNIP: 	Major 
MEDM_MAINT_DATASTORE_NNIP: 	Major 
MEDM_MAINT_DWH_FEED: 	Major 
MEDM_MAINT_DWH_FEED: 	Major 
MEDM_MAINT_MANALYTICS: 	Major 
MEDM_MAINT_MANALYTICS: 	Major 
MEDM_MAINT_MANALYTICS: 	Major 
MEDM_MAINT_MANALYTICS: 	Major 
MEDM_MAINT_MOVE_BBFIELDS_DS: 	Major 
MEDM_MAINT_MOVE_BBFIELDS_DS: 	Major 
MEDM_MAINT_MOVE_BBFIELDS_DS: 	Major 
MEDM_MAINT_MOVE_BBFIELDS_DS: 	Major 
MEDM_MAINT_MOVE_BBFIELDS_NDS: 	Major 
MEDM_MAINT_MOVE_BBFIELDS_NDS: 	Major 
MEDM_MAINT_MOVE_BBFIELDS_NDS: 	Major 
MEDM_MAINT_MOVE_BBFIELDS_NDS: 	Major 
MEDM_MAINT_MOVE_DATA: 	Major 
MEDM_MAINT_MOVE_DATA: 	Major 
MEDM_MAINT_MOVE_MISC: 	Major 
MEDM_MAINT_MOVE_MISC: 	Major 
MEDM_MAINT_MOVE_MULTIASSET: 	Major 
MEDM_MAINT_MOVE_MULTIASSET: 	Major 
MEDM_MAINT_MOVE_SM_WEEKLY: 	Major 
MEDM_MAINT_MOVE_SM_WEEKLY: 	Major 
MEDM_MAINT_MPSRANKING: 	Major 
MEDM_MAINT_MPSRANKING: 	Major 
MEDM_MAINT_MPSRANKING: 	Major 
MEDM_MAINT_MPSRANKING: 	Major 
MEDM_MAINT_PRICESESSION: 	Major 
MEDM_MAINT_PRICESESSION: 	Major 
MEDM_MAINT_PRICESESSION: 	Major 
MEDM_MAINT_PRICESESSION: 	Major 
MEDM_MAINT_PROCEXEP: 	Major 
MEDM_MAINT_PROCEXEP: 	Major 
MEDM_MAINT_PROCEXEP: 	Major 
MEDM_MAINT_PROCEXEP: 	Major 
MEDM_MAINT_SECVAL: 	Major 
MEDM_MAINT_SECVAL: 	Major 
MEDM_MAINT_SECVAL: 	Major 
MEDM_MAINT_SECVAL: 	Major 
MEDM_MAINT_STOREBRA_PRC: 	Major 
MEDM_MAINT_STOREBRA_PRC: 	Major 
MEDM_MAINT_STOREEXCEPTION: 	Major 
MEDM_MAINT_STOREEXCEPTION: 	Major 
MEDM_MAINT_STOREEXCEPTION: 	Major 
MEDM_MAINT_STOREEXCEPTION: 	Major 
MEDM_MAINT_STOREMS: 	Major 
MEDM_MAINT_STOREMS: 	Major 
MEDM_MAINT_STOREMS: 	Major 
MEDM_MAINT_STOREMS: 	Major 
MEDM_MAINT_STOREPMSEC: 	Major 
MEDM_MAINT_STOREPMSEC: 	Major 
MEDM_MAINT_STOREPMSEC: 	Major 
MEDM_MAINT_STOREPMSEC: 	Major 
MEDM_MAINT_SYS_DATASTORE: 	Major 
MEDM_MAINT_SYS_DATASTORE: 	Major 
MEDM_MAINT_SYS_DATASTORE: 	Major 
MEDM_MAINT_SYS_DATASTORE: 	Major 
MEDM_MAINT_UPDDQ: 	Major 
MEDM_MAINT_UPDDQ: 	Major 
MEDM_MAINT_UPDDQ: 	Major 
MEDM_MAINT_UPDDQ: 	Major 
MEDM_MAINT_UPDMSCHEDULE: 	Major 
MEDM_MAINT_UPDMSCHEDULE: 	Major 
MEDM_MAINT_UPDMSCHEDULE: 	Major 
MEDM_MAINT_UPDMSCHEDULE: 	Major 
MEDM_MAS_SCD_RECON: 	Critical 
MEDM_MAS_SCD_RECON: 	Critical 
MEDM_MAS2_SCD_RECON: 	Critical 
MEDM_MAS2_SCD_RECON: 	Critical 
MEDM_MON_ART_SUBSCRIPTION_REQUEST: 	Critical 
MEDM_MON_BARABS: 	Critical 
MEDM_MON_BARABS: 	Critical 
MEDM_MON_BARCLAYS: 	Critical 
MEDM_MON_BARCLAYS: 	Critical 
MEDM_MON_BARCLAYS: 	Critical 
MEDM_MON_BARCLAYS: 	Critical 
MEDM_MON_BB_REQUEST1: 	Critical 
MEDM_MON_BB_REQUEST1: 	Critical 
MEDM_MON_BB_REQUEST2: 	Critical 
MEDM_MON_BB_REQUEST2: 	Critical 
MEDM_MON_BBEXCEPTION: 	Major 
MEDM_MON_BBEXCEPTION: 	Major 
MEDM_MON_BBEXCEPTION: 	Major 
MEDM_MON_BBEXCEPTION: 	Major 
MEDM_MON_BBEXCEPTION1: 	Major 
MEDM_MON_BBEXCEPTION1: 	Major 
MEDM_MON_BBEXCEPTION1: 	Major 
MEDM_MON_BBEXCEPTION1: 	Major 
MEDM_MON_BBG_PRICE_EARLY_REQUEST: 	Critical 
MEDM_MON_BBG_PRICE_EARLY_REQUEST: 	Critical 
MEDM_MON_BBG_PRICE_EVNG: 	Critical 
MEDM_MON_BBG_PRICE_EVNG: 	Critical 
MEDM_MON_BBG_PRICE_EXCEPTION_REQUEST: 	Critical 
MEDM_MON_BBG_PRICE_EXCEPTION_REQUEST_II: 	Critical 
MEDM_MON_BBG_PRICE_EXCEPTION_REQUEST_II: 	Critical 
MEDM_MON_BBG_PRICE_LATE_NIGHT_REQUEST: 	Critical 
MEDM_MON_BBG_PRICE_LATE_NIGHT_REQUEST: 	Critical 
MEDM_MON_BBG_PRICE_LTNT: 	Critical 
MEDM_MON_BBG_PRICE_LTNT: 	Critical 
MEDM_MON_BBG_PRICE_MF: 	Critical 
MEDM_MON_BBG_PRICE_MF: 	Critical 
MEDM_MON_BBG_PRICE_MF_REQUEST: 	Critical 
MEDM_MON_BBG_PRICE_MF_REQUEST: 	Critical 
MEDM_MON_BBG_PRICE_MISC: 	Critical 
MEDM_MON_BBG_PRICE_MISC2: 	Critical 
MEDM_MON_BBG_PRICE_MISC2: 	Critical 
MEDM_MON_BBG_PRICE_NIGHT_REQUEST: 	Critical 
MEDM_MON_BBG_PRICE_NIGHT_REQUEST: 	Critical 
MEDM_MON_BBG_PRICE_NT: 	Critical 
MEDM_MON_BBG_PRICE_NT: 	Critical 
MEDM_MON_BBG_RATES_COB: 	Critical 
MEDM_MON_BBG_RATES_COB: 	Critical 
MEDM_MON_BBG_RATES_COB_REQUEST: 	Critical 
MEDM_MON_BBG_RATES_COB_REQUEST: 	Critical 
MEDM_MON_BBG_RATES_EOD: 	Critical 
MEDM_MON_BBG_RATES_EOD: 	Critical 
MEDM_MON_BBG_RATES_EOD_REQUEST: 	Critical 
MEDM_MON_BBG_RATES_EOD_REQUEST: 	Critical 
MEDM_MON_BBG_RATES_EODWM: 	Critical 
MEDM_MON_BBG_RATES_EODWM: 	Critical 
MEDM_MON_BBG_RATES_EODWM_REQUEST: 	Critical 
MEDM_MON_BBG_RATES_EODWM_REQUEST: 	Critical 
MEDM_MON_BBG_SOLVENCY II_REQUEST: 	Critical 
MEDM_MON_BBG_SOLVENCY II_REQUEST: 	Critical 
MEDM_MON_BBG_SOLVENCYII_RESPONSE_CHECK: 	Critical 
MEDM_MON_BBG_SOLVENCYII_RESPONSE_CHECK: 	Critical 
MEDM_MON_BBG_STATIC: 	Critical 
MEDM_MON_BBG_STATIC: 	Critical 
MEDM_MON_BBG_STATIC_REQUEST: 	Critical 
MEDM_MON_BBG_STATIC_REQUEST: 	Critical 
MEDM_MON_BVAL_PRICE_EXCEPTION_REQUEST: 	Critical 
MEDM_MON_BVAL_PRICE_EXCEPTION_RESPONSE: 	Critical 
MEDM_MON_Check: 	Minor 
MEDM_MON_Check: 	Minor 
MEDM_MON_Check: 	Minor 
MEDM_MON_Check: 	Minor 
MEDM_MON_DQ_XML: 	Major 
MEDM_MON_DQ_XML: 	Major 
MEDM_MON_GMDB_FXRATES_TO_PME: 	Critical 
MEDM_MON_GMDB_FXRATES_TO_PME: 	Critical 
MEDM_MON_IBOXX_EUR_EOD: 	Major 
MEDM_MON_IBOXX_EUR_EOD: 	Major 
MEDM_MON_IBOXX_EUR_EOD: 	Major 
MEDM_MON_IBOXX_EUR_EOD: 	Major 
MEDM_MON_IBOXX_EUR_HY_EOD: 	Major 
MEDM_MON_IBOXX_EUR_HY_EOD: 	Major 
MEDM_MON_IBOXX_EUR_HY_EOD: 	Major 
MEDM_MON_IBOXX_EUR_HY_EOD: 	Major 
MEDM_MON_IBOXX_GBP_EOD: 	Major 
MEDM_MON_IBOXX_GBP_EOD: 	Major 
MEDM_MON_IBOXX_GBP_EOD: 	Major 
MEDM_MON_IBOXX_GBP_EOD: 	Major 
MEDM_MON_IBOXX_USD_EOD: 	Major 
MEDM_MON_IBOXX_USD_EOD: 	Major 
MEDM_MON_IBOXX_USD_EOD: 	Major 
MEDM_MON_IBOXX_USD_EOD: 	Major 
MEDM_MON_IPDR: 	Major 
MEDM_MON_IPDR: 	Major 
MEDM_MON_MD_RATES: 	Critical 
MEDM_MON_MD_RATES: 	Critical 
MEDM_MON_MDEQHC_M: 	Critical 
MEDM_MON_MDEQHC_M: 	Critical 
MEDM_MON_MDFX: 	Critical 
MEDM_MON_MDFX: 	Critical 
MEDM_MON_MDFX_MA: 	Major 
MEDM_MON_MDFX_MA: 	Major 
MEDM_MON_MDFX_MU: 	Major 
MEDM_MON_MDFX_MU: 	Major 
MEDM_MON_MDFX_QA: 	Major 
MEDM_MON_MDFX_QA: 	Major 
MEDM_MON_MDFXIV: 	Major 
MEDM_MON_MDFXIV: 	Major 
MEDM_MON_MDHWBSC_M: 	Critical 
MEDM_MON_MDHWBSC_M: 	Critical 
MEDM_MON_MDIDX: 	Major 
MEDM_MON_MDIDX: 	Major 
MEDM_MON_MDIDXIV: 	Major 
MEDM_MON_MDIDXIV: 	Major 
MEDM_MON_MDINF: 	Critical 
MEDM_MON_MDINF: 	Critical 
MEDM_MON_MDINFLIV_M: 	Major 
MEDM_MON_MDINFLIV_M: 	Major 
MEDM_MON_MDIRC: 	Critical 
MEDM_MON_MDIRC: 	Critical 
MEDM_MON_MDIRIV: 	Critical 
MEDM_MON_MDIRIV: 	Critical 
MEDM_MON_MDLP: 	Critical 
MEDM_MON_MDLP: 	Critical 
MEDM_MON_PR_SERVICELOG: 	Major 
MEDM_MON_PR_SERVICELOG: 	Major 
MEDM_MON_PR_SERVICELOG: 	Major 
MEDM_MON_PR_SERVICELOG: 	Major 
MEDM_MON_PROCESSLOCKED: 	Critical 
MEDM_MON_PROCESSLOCKED: 	Critical 
MEDM_MON_PROCESSLOCKED: 	Critical 
MEDM_MON_PROCESSLOCKED: 	Critical 
MEDM_MON_REUT_RATES_COB: 	Critical 
MEDM_MON_REUT_RATES_COB: 	Critical 
MEDM_MON_REUT_RATES_EOD: 	Critical 
MEDM_MON_REUT_RATES_EOD: 	Critical 
MEDM_MON_REUT_RATES_EODWM: 	Critical 
MEDM_MON_REUT_RATES_EODWM: 	Critical 
MEDM_MON_REUTERS_REQUEST: 	Critical 
MEDM_MON_REUTERS_REQUEST: 	Critical 
MEDM_MON_SM_NIGHT: 	Critical 
MEDM_MON_SM_NIGHT: 	Critical 
MEDM_MON_SUPER_D: 	Critical 
MEDM_MON_SUPER_D: 	Critical 
MEDMD1_EXP_NACK_SCD: 	Major 
MEDMD1_EXP_NACK_SCD: 	Major 
MEDMD1_EXP_SCD: 	Critical 
MEDMD1_EXP_SCD: 	Critical 
MEDMD1_EXP_SCD: 	Critical 
MEDMD1_EXP_SCD: 	Critical 
MEDMDQ_EXP_REPORT: 	Critical 
MEDMDQ_EXP_REPORT: 	Critical 
MEDMDQ_EXP_REPORT: 	Critical 
MEDMDQ_EXP_REPORT: 	Critical 
MEDMDQ_IMP_CURVE_MASTER_COB_PREVIOUS_DAY: 	Major 
MEDMDQ_IMP_CURVE_MASTER_COB_PREVIOUS_DAY: 	Major 
MEDMDQ_IMP_CURVE_MASTER_COB_PREVIOUS_DAY: 	Major 
MEDMDQ_IMP_CURVE_MASTER_COB_PREVIOUS_DAY: 	Major 
MEDMDQ_IMP_HR_EOD_PREM_CURVE: 	Critical 
MEDMDQ_IMP_HR_EOD_PREM_CURVE: 	Critical 
MEDMDQ_IMP_HR_EOD_PREM_CURVE: 	Critical 
MEDMDQ_IMP_HR_EOD_PREM_CURVE: 	Critical 
MEDMDQ_IMP_HR_EOD_PREM_RATE: 	Critical 
MEDMDQ_IMP_HR_EOD_PREM_RATE: 	Critical 
MEDMDQ_IMP_HR_EOD_PREM_RATE: 	Critical 
MEDMDQ_IMP_HR_EOD_PREM_RATE: 	Critical 
MEDMDQ_IMP_HR_EOD_RATE: 	Critical 
MEDMDQ_IMP_HR_EOD_RATE: 	Critical 
MEDMDQ_IMP_HR_EOD_RATE: 	Critical 
MEDMDQ_IMP_HR_EOD_RATE: 	Critical 
MEDMDQ_IMP_HR_EQ-COMP: 	Critical 
MEDMDQ_IMP_HR_EQ-COMP: 	Critical 
MEDMDQ_IMP_HR_EQ-COMP: 	Critical 
MEDMDQ_IMP_HR_EQ-COMP: 	Critical 
MEDMDQ_IMP_HR_RATE_BAR: 	Critical 
MEDMDQ_IMP_HR_RATE_BAR: 	Critical 
MEDMDQ_IMP_HR_RATE_BAR: 	Critical 
MEDMDQ_IMP_HR_RATE_BAR: 	Critical 
MEDMDQ_IMP_HR_RATE_BAR_MONDAY: 	Critical 
MEDMDQ_IMP_HR_RATE_BAR_MONDAY: 	Critical 
MEDMDQ_IMP_HR_RATE_BAR_MONDAY: 	Critical 
MEDMDQ_IMP_HR_RATE_BAR_MONDAY: 	Critical 
MEDMDQ_IMP_MC_CURVE: 	Critical 
MEDMDQ_IMP_MC_CURVE: 	Critical 
MEDMDQ_IMP_MC_CURVE: 	Critical 
MEDMDQ_IMP_MC_CURVE: 	Critical 
MEDMDQ_IMP_MC_VERT_STALE_RATE: 	Critical 
MEDMDQ_IMP_MC_VERT_STALE_RATE: 	Critical 
MEDMDQ_IMP_MC_VERT_STALE_RATE: 	Critical 
MEDMDQ_IMP_MC_VERT_STALE_RATE: 	Critical 
MEDMDQ_IMP_MC_VOL_STALE: 	Critical 
MEDMDQ_IMP_MC_VOL_STALE: 	Critical 
MEDMDQ_IMP_MC_VOL_STALE: 	Critical 
MEDMDQ_IMP_MC_VOL_STALE: 	Critical 
MEDMDQ_IMP_POPULATE_OVW: 	Critical 
MEDMDQ_IMP_POPULATE_OVW: 	Critical 
MEDMDQ_IMP_POPULATE_OVW: 	Critical 
MEDMDQ_IMP_POPULATE_OVW: 	Critical 
MEDMDQ_IMP_POPULATE_OVW_MONDAY: 	Critical 
MEDMDQ_IMP_POPULATE_OVW_MONDAY: 	Critical 
MEDMDQ_IMP_POPULATE_OVW_MONDAY: 	Critical 
MEDMDQ_IMP_POPULATE_OVW_MONDAY: 	Critical 
MEDMDQ_IMP_RATE_MASTER_COB_PREVIOUS_DAY: 	Major 
MEDMDQ_IMP_RATE_MASTER_COB_PREVIOUS_DAY: 	Major 
MEDMDQ_IMP_RATE_MASTER_COB_PREVIOUS_DAY: 	Major 
MEDMDQ_IMP_RATE_MASTER_COB_PREVIOUS_DAY: 	Major 
MEDMR2_EXP_BBSUB: 	Major 
MEDMR2_EXP_BBSUB: 	Major 
MEDMR2_EXP_BBSUB: 	Major 
MEDMR2_EXP_BBSUB: 	Major 
MEDMR2_EXP_COB_BBSUB: 	Major 
MEDMR2_EXP_COB_BBSUB: 	Major 
MEDMR2_EXP_COB_BBSUB: 	Major 
MEDMR2_EXP_COB_BBSUB: 	Major 
MEDMR2_EXP_COB_PREVIOUS_DAY_BBSUB: 	Major 
MEDMR2_EXP_COB_PREVIOUS_DAY_BBSUB: 	Major 
MEDMR2_EXP_COB_PREVIOUS_DAY_BBSUB: 	Major 
MEDMR2_EXP_COB_PREVIOUS_DAY_BBSUB: 	Major 
MEDMR2_EXP_COB_RETSUB: 	Major 
MEDMR2_EXP_COB_RETSUB: 	Major 
MEDMR2_EXP_COB_RETSUB: 	Major 
MEDMR2_EXP_COB_RETSUB: 	Major 
MEDMR2_EXP_DWH_FX: 	Major 
MEDMR2_EXP_DWH_FX: 	Major 
MEDMR2_EXP_DWH_FX: 	Major 
MEDMR2_EXP_DWH_FX: 	Major 
MEDMR2_EXP_EOD_BBSUB: 	Major 
MEDMR2_EXP_EOD_BBSUB: 	Major 
MEDMR2_EXP_EOD_BBSUB: 	Major 
MEDMR2_EXP_EOD_BBSUB: 	Major 
MEDMR2_EXP_EOD_RETSUB: 	Minor 
MEDMR2_EXP_EOD_RETSUB: 	Major 
MEDMR2_EXP_EOD_RETSUB: 	Minor 
MEDMR2_EXP_EOD_RETSUB: 	Major 
MEDMR2_EXP_EODWM_BBSUB: 	Major 
MEDMR2_EXP_EODWM_BBSUB: 	Major 
MEDMR2_EXP_EODWM_BBSUB: 	Major 
MEDMR2_EXP_EODWM_BBSUB: 	Major 
MEDMR2_EXP_EODWM_RETSUB: 	Major 
MEDMR2_EXP_EODWM_RETSUB: 	Major 
MEDMR2_EXP_EODWM_RETSUB: 	Major 
MEDMR2_EXP_EODWM_RETSUB: 	Major 
MEDMR2_EXP_PME_FX: 	Major 
MEDMR2_EXP_PME_FX: 	Major 
MEDMR2_EXP_PME_FX: 	Major 
MEDMR2_EXP_PME_FX: 	Major 
MEDMR2_EXP_RETSUB: 	Major 
MEDMR2_EXP_RETSUB: 	Major 
MEDMR2_EXP_RETSUB: 	Major 
MEDMR2_EXP_RETSUB: 	Major 
MEDMR2_EXP_SCD_CURVE: 	Major 
MEDMR2_EXP_SCD_CURVE: 	Major 
MEDMR2_EXP_SCD_CURVE: 	Major 
MEDMR2_EXP_SCD_CURVE: 	Major 
MEDMR2_EXP_SCD_EOD_CURVE: 	Critical 
MEDMR2_EXP_SCD_EOD_CURVE: 	Critical 
MEDMR2_EXP_SCD_EOD_CURVE: 	Critical 
MEDMR2_EXP_SCD_EOD_CURVE: 	Critical 
MEDMR2_EXP_SCD_EOD_OPTV: 	Major 
MEDMR2_EXP_SCD_EOD_OPTV: 	Major 
MEDMR2_EXP_SCD_EOD_OPTV: 	Major 
MEDMR2_EXP_SCD_EOD_OPTV: 	Major 
MEDMR2_EXP_SCD_FX: 	Major 
MEDMR2_EXP_SCD_FX: 	Major 
MEDMR2_EXP_SCD_FX: 	Major 
MEDMR2_EXP_SCD_FX: 	Major 
MEDMR2_EXP_SCD_IRF: 	Major 
MEDMR2_EXP_SCD_IRF: 	Major 
MEDMR2_EXP_SCD_IRF: 	Major 
MEDMR2_EXP_SCD_IRF: 	Major 
MEDMR2_EXP_SCD_MID_FX: 	Major 
MEDMR2_EXP_SCD_MID_FX: 	Major 
MEDMR2_EXP_SCD_MID_FX: 	Major 
MEDMR2_EXP_SCD_MID_FX: 	Major 
MEDMR2_EXP_SCD_OPTV: 	Major 
MEDMR2_EXP_SCD_OPTV: 	Major 
MEDMR2_EXP_SCD_OPTV: 	Major 
MEDMR2_EXP_SCD_OPTV: 	Major 
MEDMR2_IMP_BBSUB: 	Major 
MEDMR2_IMP_BBSUB: 	Major 
MEDMR2_IMP_BBSUB: 	Major 
MEDMR2_IMP_BBSUB: 	Major 
MEDMR2_IMP_C_VERTICAL_COB_PREVIOUS_DAY: 	Major 
MEDMR2_IMP_C_VERTICAL_COB_PREVIOUS_DAY: 	Major 
MEDMR2_IMP_C_VERTICAL_COB_PREVIOUS_DAY: 	Major 
MEDMR2_IMP_C_VERTICAL_COB_PREVIOUS_DAY: 	Major 
MEDMR2_IMP_COB_BBSUB: 	Major 
MEDMR2_IMP_COB_BBSUB: 	Major 
MEDMR2_IMP_COB_BBSUB: 	Major 
MEDMR2_IMP_COB_BBSUB: 	Major 
MEDMR2_IMP_COB_PREVIOUS_DAY_BBSUB: 	Major 
MEDMR2_IMP_COB_PREVIOUS_DAY_BBSUB: 	Major 
MEDMR2_IMP_COB_PREVIOUS_DAY_BBSUB: 	Major 
MEDMR2_IMP_COB_PREVIOUS_DAY_BBSUB: 	Major 
MEDMR2_IMP_COB_PREVIOUS_DAY_MC_UPREM: 	Major 
MEDMR2_IMP_COB_PREVIOUS_DAY_MC_UPREM: 	Major 
MEDMR2_IMP_COB_PREVIOUS_DAY_MC_UPREM: 	Major 
MEDMR2_IMP_COB_PREVIOUS_DAY_MC_UPREM: 	Major 
MEDMR2_IMP_COB_RETSUB: 	Major 
MEDMR2_IMP_COB_RETSUB: 	Major 
MEDMR2_IMP_COB_RETSUB: 	Major 
MEDMR2_IMP_COB_RETSUB: 	Major 
MEDMR2_IMP_EOD_BBSUB: 	Major 
MEDMR2_IMP_EOD_BBSUB: 	Major 
MEDMR2_IMP_EOD_BBSUB: 	Major 
MEDMR2_IMP_EOD_BBSUB: 	Major 
MEDMR2_IMP_EOD_RETSUB: 	Major 
MEDMR2_IMP_EOD_RETSUB: 	Major 
MEDMR2_IMP_EOD_RETSUB: 	Major 
MEDMR2_IMP_EOD_RETSUB: 	Major 
MEDMR2_IMP_EODWM_BBSUB: 	Major 
MEDMR2_IMP_EODWM_BBSUB: 	Major 
MEDMR2_IMP_EODWM_BBSUB: 	Major 
MEDMR2_IMP_EODWM_BBSUB: 	Major 
MEDMR2_IMP_EODWM_RETSUB: 	Major 
MEDMR2_IMP_EODWM_RETSUB: 	Major 
MEDMR2_IMP_EODWM_RETSUB: 	Major 
MEDMR2_IMP_EODWM_RETSUB: 	Major 
MEDMR2_IMP_MC_COB_PREVIOUS_DAY_MAS: 	Major 
MEDMR2_IMP_MC_COB_PREVIOUS_DAY_MAS: 	Major 
MEDMR2_IMP_MC_COB_PREVIOUS_DAY_MAS: 	Major 
MEDMR2_IMP_MC_COB_PREVIOUS_DAY_MAS: 	Major 
MEDMR2_IMP_MC_COB_PREVIOUS_DAY_MAS_CURVE: 	Major 
MEDMR2_IMP_MC_COB_PREVIOUS_DAY_MAS_CURVE: 	Major 
MEDMR2_IMP_MC_COB_PREVIOUS_DAY_MAS_CURVE: 	Major 
MEDMR2_IMP_MC_COB_PREVIOUS_DAY_MAS_CURVE: 	Major 
MEDMR2_IMP_MC_COB_PREVIOUS_DAY_MAS2: 	Major 
MEDMR2_IMP_MC_COB_PREVIOUS_DAY_MAS2: 	Major 
MEDMR2_IMP_MC_COB_PREVIOUS_DAY_MAS2: 	Major 
MEDMR2_IMP_MC_COB_PREVIOUS_DAY_MAS2: 	Major 
MEDMR2_IMP_MC_EOD_MAS: 	Critical 
MEDMR2_IMP_MC_EOD_MAS: 	Critical 
MEDMR2_IMP_MC_EOD_MAS: 	Critical 
MEDMR2_IMP_MC_EOD_MAS: 	Critical 
MEDMR2_IMP_MC_EOD_PREM: 	Major 
MEDMR2_IMP_MC_EOD_PREM: 	Major 
MEDMR2_IMP_MC_EOD_PREM: 	Major 
MEDMR2_IMP_MC_EOD_PREM: 	Major 
MEDMR2_IMP_MC_EOD_UPREM: 	Major 
MEDMR2_IMP_MC_EOD_UPREM: 	Major 
MEDMR2_IMP_MC_EOD_UPREM: 	Major 
MEDMR2_IMP_MC_EOD_UPREM: 	Major 
MEDMR2_IMP_MC_MAS: 	Major 
MEDMR2_IMP_MC_MAS: 	Major 
MEDMR2_IMP_MC_MAS: 	Major 
MEDMR2_IMP_MC_MAS: 	Major 
MEDMR2_IMP_MC_PREM: 	Major 
MEDMR2_IMP_MC_PREM: 	Major 
MEDMR2_IMP_MC_PREM: 	Major 
MEDMR2_IMP_MC_PREM: 	Major 
MEDMR2_IMP_MC_UPREM: 	Major 
MEDMR2_IMP_MC_UPREM: 	Major 
MEDMR2_IMP_MC_UPREM: 	Major 
MEDMR2_IMP_MC_UPREM: 	Major 
MEDMR2_IMP_MR_AM_MAS: 	Major 
MEDMR2_IMP_MR_AM_MAS: 	Major 
MEDMR2_IMP_MR_AM_MAS2: 	Major 
MEDMR2_IMP_MR_AM_MAS2: 	Major 
MEDMR2_IMP_MR_COB_MAS: 	Major 
MEDMR2_IMP_MR_COB_MAS: 	Major 
MEDMR2_IMP_MR_COB_MAS: 	Major 
MEDMR2_IMP_MR_COB_MAS: 	Major 
MEDMR2_IMP_MR_COB_MAS2: 	Major 
MEDMR2_IMP_MR_COB_MAS2: 	Major 
MEDMR2_IMP_MR_COB_MAS2: 	Major 
MEDMR2_IMP_MR_COB_MAS2: 	Major 
MEDMR2_IMP_MR_COB_PREM: 	Major 
MEDMR2_IMP_MR_COB_PREM: 	Major 
MEDMR2_IMP_MR_COB_PREM: 	Major 
MEDMR2_IMP_MR_COB_PREM: 	Major 
MEDMR2_IMP_MR_COB_PREVIOUS_DAY_MAS: 	Major 
MEDMR2_IMP_MR_COB_PREVIOUS_DAY_MAS: 	Major 
MEDMR2_IMP_MR_COB_PREVIOUS_DAY_MAS: 	Major 
MEDMR2_IMP_MR_COB_PREVIOUS_DAY_MAS: 	Major 
MEDMR2_IMP_MR_COB_PREVIOUS_DAY_MC_PREM: 	Major 
MEDMR2_IMP_MR_COB_PREVIOUS_DAY_MC_PREM: 	Major 
MEDMR2_IMP_MR_COB_PREVIOUS_DAY_MC_PREM: 	Major 
MEDMR2_IMP_MR_COB_PREVIOUS_DAY_MC_PREM: 	Major 
MEDMR2_IMP_MR_COB_PREVIOUS_DAY_MR_PREM: 	Major 
MEDMR2_IMP_MR_COB_PREVIOUS_DAY_MR_PREM: 	Major 
MEDMR2_IMP_MR_COB_PREVIOUS_DAY_MR_PREM: 	Major 
MEDMR2_IMP_MR_COB_PREVIOUS_DAY_MR_PREM: 	Major 
MEDMR2_IMP_MR_COB_PREVIOUS_DAY_OPREM: 	Major 
MEDMR2_IMP_MR_COB_PREVIOUS_DAY_OPREM: 	Major 
MEDMR2_IMP_MR_COB_PREVIOUS_DAY_OPREM: 	Major 
MEDMR2_IMP_MR_COB_PREVIOUS_DAY_OPREM: 	Major 
MEDMR2_IMP_MR_COB_PREVIOUS_DAY_VTOL: 	Major 
MEDMR2_IMP_MR_COB_PREVIOUS_DAY_VTOL: 	Major 
MEDMR2_IMP_MR_COB_PREVIOUS_DAY_VTOL: 	Major 
MEDMR2_IMP_MR_COB_PREVIOUS_DAY_VTOL: 	Major 
MEDMR2_IMP_MR_COB_VMAS: 	Major 
MEDMR2_IMP_MR_COB_VMAS: 	Major 
MEDMR2_IMP_MR_COB_VMAS: 	Major 
MEDMR2_IMP_MR_COB_VMAS: 	Major 
MEDMR2_IMP_MR_EOD_MAS: 	Critical 
MEDMR2_IMP_MR_EOD_MAS: 	Critical 
MEDMR2_IMP_MR_EOD_MAS: 	Critical 
MEDMR2_IMP_MR_EOD_MAS: 	Critical 
MEDMR2_IMP_MR_EOD_MAS2: 	Critical 
MEDMR2_IMP_MR_EOD_MAS2: 	Critical 
MEDMR2_IMP_MR_EOD_MAS2: 	Critical 
MEDMR2_IMP_MR_EOD_MAS2: 	Critical 
MEDMR2_IMP_MR_EOD_OPREM: 	Major 
MEDMR2_IMP_MR_EOD_OPREM: 	Major 
MEDMR2_IMP_MR_EOD_OPREM: 	Major 
MEDMR2_IMP_MR_EOD_OPREM: 	Major 
MEDMR2_IMP_MR_EOD_PREM: 	Major 
MEDMR2_IMP_MR_EOD_PREM: 	Major 
MEDMR2_IMP_MR_EOD_PREM: 	Major 
MEDMR2_IMP_MR_EOD_PREM: 	Major 
MEDMR2_IMP_MR_EOD_VMAS: 	Critical 
MEDMR2_IMP_MR_EOD_VMAS: 	Critical 
MEDMR2_IMP_MR_EOD_VMAS: 	Critical 
MEDMR2_IMP_MR_EOD_VMAS: 	Critical 
MEDMR2_IMP_MR_EOD_VMAS_CPI: 	Critical 
MEDMR2_IMP_MR_EOD_VMAS_CPI: 	Critical 
MEDMR2_IMP_MR_EOD_VMAS_CPI: 	Critical 
MEDMR2_IMP_MR_EOD_VMAS_CPI: 	Critical 
MEDMR2_IMP_MR_EODWM_OPREM: 	Major 
MEDMR2_IMP_MR_EODWM_OPREM: 	Major 
MEDMR2_IMP_MR_EODWM_OPREM: 	Major 
MEDMR2_IMP_MR_EODWM_OPREM: 	Major 
MEDMR2_IMP_MR_EODWM_PREM: 	Major 
MEDMR2_IMP_MR_EODWM_PREM: 	Major 
MEDMR2_IMP_MR_EODWM_PREM: 	Major 
MEDMR2_IMP_MR_EODWM_PREM: 	Major 
MEDMR2_IMP_MR_MAS: 	Major 
MEDMR2_IMP_MR_MAS: 	Major 
MEDMR2_IMP_MR_MAS: 	Major 
MEDMR2_IMP_MR_MAS: 	Major 
MEDMR2_IMP_MR_MAS2: 	Major 
MEDMR2_IMP_MR_MAS2: 	Major 
MEDMR2_IMP_MR_MAS2: 	Major 
MEDMR2_IMP_MR_MAS2: 	Major 
MEDMR2_IMP_MR_OPREM: 	Major 
MEDMR2_IMP_MR_OPREM: 	Major 
MEDMR2_IMP_MR_OPREM: 	Major 
MEDMR2_IMP_MR_OPREM: 	Major 
MEDMR2_IMP_MR_PREM: 	Major 
MEDMR2_IMP_MR_PREM: 	Major 
MEDMR2_IMP_MR_PREM: 	Major 
MEDMR2_IMP_MR_PREM: 	Major 
MEDMR2_IMP_MR_VMAS: 	Major 
MEDMR2_IMP_MR_VMAS: 	Major 
MEDMR2_IMP_MR_VMAS: 	Major 
MEDMR2_IMP_MR_VMAS: 	Major 
MEDMR2_IMP_MZC_COB_PREVIOUS_DAY_MAS: 	Major 
MEDMR2_IMP_MZC_COB_PREVIOUS_DAY_MAS: 	Major 
MEDMR2_IMP_MZC_COB_PREVIOUS_DAY_MAS: 	Major 
MEDMR2_IMP_MZC_COB_PREVIOUS_DAY_MAS: 	Major 
MEDMR2_IMP_PMR_AM_PREM: 	Major 
MEDMR2_IMP_PMR_AM_PREM: 	Major 
MEDMR2_IMP_PMR_COB_PREM: 	Major 
MEDMR2_IMP_PMR_COB_PREM: 	Major 
MEDMR2_IMP_PMR_COB_PREM: 	Major 
MEDMR2_IMP_PMR_COB_PREM: 	Major 
MEDMR2_IMP_R_VERTICAL_COB_PREVIOUS_DAY: 	Major 
MEDMR2_IMP_R_VERTICAL_COB_PREVIOUS_DAY: 	Major 
MEDMR2_IMP_R_VERTICAL_COB_PREVIOUS_DAY: 	Major 
MEDMR2_IMP_R_VERTICAL_COB_PREVIOUS_DAY: 	Major 
MEDMR2_IMP_RETSUB: 	Major 
MEDMR2_IMP_RETSUB: 	Major 
MEDMR2_IMP_RETSUB: 	Major 
MEDMR2_IMP_RETSUB: 	Major 
MEDMR2_IMP_TCOR1: 	Major 
MEDMR2_IMP_TCOR1: 	Major 
MEDMR2_IMP_TCOR1: 	Major 
MEDMR2_IMP_TCOR1: 	Major 
MEDMR2_IMP_TCOR2: 	Critical 
MEDMR2_IMP_TCOR2: 	Critical 
MEDMR2_IMP_TCOR2: 	Critical 
MEDMR2_IMP_TCOR2: 	Critical 
MEDMR2_MAINT_ARCHIVE_CURVESEXC: 	Major 
MEDMR2_MAINT_ARCHIVE_CURVESEXC: 	Major 
MEDMR2_MAINT_ARCHIVE_CURVESEXC: 	Major 
MEDMR2_MAINT_ARCHIVE_CURVESEXC: 	Major 
MEDMR2_MAINT_ARCHIVE_RATESEXC: 	Major 
MEDMR2_MAINT_ARCHIVE_RATESEXC: 	Major 
MEDMR2_MAINT_ARCHIVE_RATESEXC: 	Major 
MEDMR2_MAINT_ARCHIVE_RATESEXC: 	Major 
MEDMR2T1_EXP_DAILY_FX: 	Critical 
MEDMR2T1_EXP_DAILY_FX: 	Critical 
MEDMR2T1_EXP_DAILY_FX: 	Critical 
MEDMR2T1_EXP_DAILY_FX: 	Critical 
MEDMR2T1_EXP_DAILY_INDX1: 	Major 
MEDMR2T1_EXP_DAILY_INDX1: 	Major 
MEDMR2T1_EXP_DAILY_INDX1: 	Major 
MEDMR2T1_EXP_DAILY_INDX1: 	Major 
MEDMR2T1_EXP_MNTLY_AVG_FX: 	Major 
MEDMR2T1_EXP_MNTLY_AVG_FX: 	Major 
MEDMR2T1_EXP_MNTLY_AVG_FX: 	Major 
MEDMR2T1_EXP_MNTLY_AVG_FX: 	Major 
MEDMR2T1_EXP_MNTLY_HIST_FXINDX: 	Critical 
MEDMR2T1_EXP_MNTLY_HIST_FXINDX: 	Critical 
MEDMR2T1_EXP_MNTLY_HIST_FXINDX: 	Critical 
MEDMR2T1_EXP_MNTLY_HIST_FXINDX: 	Critical 
MEDMR2T1_EXP_MNTLY_ULT_FX: 	Major 
MEDMR2T1_EXP_MNTLY_ULT_FX: 	Major 
MEDMR2T1_EXP_MNTLY_ULT_FX: 	Major 
MEDMR2T1_EXP_MNTLY_ULT_FX: 	Major 
MEDMR2T1_EXP_QRTLY_AVG_FX: 	Major 
MEDMR2T1_EXP_QRTLY_AVG_FX: 	Major 
MEDMR2T1_EXP_QRTLY_AVG_FX: 	Major 
MEDMR2T1_EXP_QRTLY_AVG_FX: 	Major 
MEDMR2T2_EXP_VOL_EQFX: 	Major 
MEDMR2T2_EXP_VOL_EQFX: 	Major 
MEDMR2T2_EXP_VOL_EQFX: 	Major 
MEDMR2T2_EXP_VOL_EQFX: 	Major 
MEDMR2T2_EXP_VOL_SD: 	Major 
MEDMR2T2_EXP_VOL_SD: 	Major 
MEDMR2T2_EXP_VOL_SD: 	Major 
MEDMR2T2_EXP_VOL_SD: 	Major 
MEDMR2T2_IMP_BAR: 	Major 
MEDMR2T2_IMP_BAR: 	Major 
MEDMR2T2_IMP_BAR: 	Major 
MEDMR2T2_IMP_BAR: 	Major 
MEDMR2T2_IMP_MAS_VOL_EQ: 	Critical 
MEDMR2T2_IMP_MAS_VOL_EQ: 	Critical 
MEDMR2T2_IMP_MAS_VOL_EQ: 	Critical 
MEDMR2T2_IMP_MAS_VOL_EQ: 	Critical 
MEDMR2T2_IMP_MAS_VOL_FX: 	Major 
MEDMR2T2_IMP_MAS_VOL_FX: 	Major 
MEDMR2T2_IMP_MAS_VOL_FX: 	Major 
MEDMR2T2_IMP_MAS_VOL_FX: 	Major 
MEDMR2T2_IMP_MAS_VOL_FX-Monday: 	Critical 
MEDMR2T2_IMP_MAS_VOL_FX-Monday: 	Critical 
MEDMR2T2_IMP_MAS_VOL_FX-Monday: 	Critical 
MEDMR2T2_IMP_MAS_VOL_FX-Monday: 	Critical 
MEDMR2T2_IMP_ST_BAR: 	Major 
MEDMR2T2_IMP_ST_BAR: 	Major 
MEDMR2T2_IMP_ST_BAR: 	Major 
MEDMR2T2_IMP_ST_BAR: 	Major 
MEDMR2T2_IMP_ST_SUPDER: 	Critical 
MEDMR2T2_IMP_ST_SUPDER: 	Critical 
MEDMR2T2_IMP_ST_SUPDER: 	Critical 
MEDMR2T2_IMP_ST_SUPDER: 	Critical 
MEDMR2T2_IMP_SUPDER: 	Major 
MEDMR2T2_IMP_SUPDER: 	Major 
MEDMR2T2_IMP_SUPDER: 	Major 
MEDMR2T2_IMP_SUPDER: 	Major 
MEDMR2T2_MAINT_DATASTORE: 	Major 
MEDMR2T2_MAINT_DATASTORE: 	Major 
MEDMR2T2_MAINT_DATASTORE: 	Major 
MEDMR2T2_MAINT_DATASTORE: 	Major 
MEDMR2T3_EXP_CURVE: 	Major 
MEDMR2T3_EXP_CURVE: 	Critical 
MEDMR2T3_EXP_CURVE: 	Critical 
MEDMR2T3_EXP_CURVE: 	Critical 
MEDMR2T3_EXP_CURVE: 	Critical 
MEDMR2T3_EXP_CURVE: 	Major 
MEDMR2T3_EXP_MNTLY_CORRELATION: 	Critical 
MEDMR2T3_EXP_MNTLY_CORRELATION: 	Critical 
MEDMR2T3_EXP_MNTLY_CORRELATION: 	Critical 
MEDMR2T3_EXP_MNTLY_CORRELATION: 	Critical 
MEDMR2T3_EXP_VOL_SWAPTION: 	Critical 
MEDMR2T3_EXP_VOL_SWAPTION: 	Critical 
MEDMR2T3_EXP_VOL_SWAPTION: 	Critical 
MEDMR2T3_EXP_VOL_SWAPTION: 	Critical 
MEDMR2T3_EXP_WKLY_CORRELATION: 	Major 
MEDMR2T3_EXP_WKLY_CORRELATION: 	Major 
MEDMR2T3_EXP_WKLY_CORRELATION: 	Major 
MEDMR2T3_EXP_WKLY_CORRELATION: 	Major 
MEDMR2T3_IMP_CRE: 	Critical 
MEDMR2T3_IMP_CRE: 	Critical 
MEDMR2T3_IMP_CRE: 	Critical 
MEDMR2T3_IMP_CRE: 	Critical 
MEDMR2T3_IMP_MAS_CRE: 	Critical 
MEDMR2T3_IMP_MAS_CRE: 	Critical 
MEDMR2T3_IMP_MAS_CRE: 	Critical 
MEDMR2T3_IMP_MAS_CRE: 	Critical 
MEDMR2T3_IMP_MAS_NCURVE: 	Critical 
MEDMR2T3_IMP_MAS_NCURVE: 	Critical 
MEDMR2T3_IMP_MAS_NCURVE: 	Critical 
MEDMR2T3_IMP_MAS_NCURVE: 	Critical 
MEDMR2T3_IMP_MAS_SW_XTRPOL: 	Critical 
MEDMR2T3_IMP_MAS_SW_XTRPOL: 	Critical 
MEDMR2T3_IMP_MAS_SW_XTRPOL: 	Critical 
MEDMR2T3_IMP_MAS_SW_XTRPOL: 	Critical 
MEDMR2T3_IMP_MAS_VOL_SWAPTION: 	Critical 
MEDMR2T3_IMP_MAS_VOL_SWAPTION: 	Critical 
MEDMR2T3_IMP_MAS_VOL_SWAPTION: 	Critical 
MEDMR2T3_IMP_MAS_VOL_SWAPTION: 	Critical 
MEDMR2T3_MAS_CORR_MNTLY: 	Critical 
MEDMR2T3_MAS_CORR_MNTLY: 	Critical 
MEDMR2T3_MAS_CORR_MNTLY: 	Critical 
MEDMR2T3_MAS_CORR_MNTLY: 	Critical 
MEDMR2T3_MAS_CORR_WKLY: 	Critical 
MEDMR2T3_MAS_CORR_WKLY: 	Critical 
MEDMR2T3_MAS_CORR_WKLY: 	Critical 
MEDMR2T3_MAS_CORR_WKLY: 	Critical 
MEDMR2T3_MON_IMDB_EXP_CURVE: 	Critical 
MEDMR2T3_MON_IMDB_EXP_VOL_SWAPTION: 	Critical 
MEDMR2T3_MON_IMDB_EXP_WKLY: 	Critical 
MEDMR2T4_EXP_LPC: 	Major 
MEDMR2T4_EXP_LPC: 	Major 
MEDMR2T4_EXP_LPC: 	Major 
MEDMR2T4_EXP_LPC: 	Major 
MEDMR2T4_IMP_MAS_LP: 	Major 
MEDMR2T4_IMP_MAS_LP: 	Major 
MEDMR2T4_IMP_MAS_LP: 	Major 
MEDMR2T4_IMP_MAS_LP: 	Major 
MEDMR2T5_EXP_ART: 	Critical 
MEDMR2T5_EXP_ART: 	Critical 
MEDMR2T5_EXP_ART: 	Critical 
MEDMR2T5_EXP_ART: 	Critical 
MEDMR2T5_EXP_EXPINF: 	Critical 
MEDMR2T5_EXP_EXPINF: 	Critical 
MEDMR2T5_EXP_EXPINF: 	Critical 
MEDMR2T5_EXP_EXPINF: 	Critical 
MEDMR2T5_EXP_EXPINF_LLP: 	Critical 
MEDMR2T5_EXP_EXPINF_LLP: 	Critical 
MEDMR2T5_EXP_EXPINF_LLP: 	Critical 
MEDMR2T5_EXP_EXPINF_LLP: 	Critical 
MEDMR2T5_EXP_RIVOL: 	Major 
MEDMR2T5_EXP_RIVOL: 	Major 
MEDMR2T5_EXP_RIVOL: 	Major 
MEDMR2T5_EXP_RIVOL: 	Major 
MEDMR2T5_IMP_ART: 	Major 
MEDMR2T5_IMP_ART: 	Major 
MEDMR2T5_IMP_ART: 	Major 
MEDMR2T5_IMP_ART: 	Major 
MEDMR2T5_IMP_MAS_RIVOL: 	Major 
MEDMR2T5_IMP_MAS_RIVOL: 	Major 
MEDMR2T5_IMP_MAS_RIVOL: 	Major 
MEDMR2T5_IMP_MAS_RIVOL: 	Major 
MEDMSII_EXP_GOVT: 	Major 
MEDMSII_EXP_GOVT: 	Major 
MEDMSII_EXP_GOVT: 	Major 
MEDMSII_EXP_GOVT: 	Major 
MEDMSII_EXP_LIBOR: 	Major 
MEDMSII_EXP_LIBOR: 	Major 
MEDMSII_EXP_LIBOR: 	Major 
MEDMSII_EXP_LIBOR: 	Major 
MEDMSII_EXP_OIS: 	Major 
MEDMSII_EXP_OIS: 	Major 
MEDMSII_EXP_OIS: 	Major 
MEDMSII_EXP_OIS: 	Major 
MEDMSII_EXP_SWAP: 	Major 
MEDMSII_EXP_SWAP: 	Major 
MEDMSII_EXP_SWAP: 	Major 
MEDMSII_EXP_SWAP: 	Major 
Monitoring - missing vars: 	Minor 
Monitoring - missing vars: 	Minor 
MPA_Daily: 	Major 
MPA_Daily: 	Major 
MPA_Daily: 	Major 
MSRS_MonthlyAssetMix: 	Major 
MSRS_MonthlyAUM: 	Major 
MSRS_MonthlyDSK: 	Major 
MSRS_MonthlyPEO: 	Major 
MSRS_MonthlySRE: 	Major 
MSRS_MonthlySRP: 	Major 
MSRS_QuarterlyCF: 	Major 
MSRS_QuarterlyCFbyRating: 	Minor 
MSRS_QuarterlyCS28C: 	Major 
MSRS_QuarterlyCS28C: 	Major 
MSRS_QuarterlyPEO: 	Major 
MSRS_QuarterlyRJ610: 	Major 
MSRS_QuarterlySRE: 	Major 
MSRS_QuarterlySRP1: 	Major 
MSRS_QuarterlySRP2: 	Major 
old_RMX_EXP_REPORTS: 	Minor 
old_RMX_EXP_REPORTS: 	Minor 
old_RMX_PFE_AM: 	Minor 
old_RMX_PFE_AM: 	Minor 
old_RMX_PFE_PM: 	Minor 
old_RMX_PFE_PM: 	Minor 
OPTM_IMP_OptionMetrics: 	Major 
PowerCenter_Storage_Cleanup: 	Minor 
PWC_IMP_CADIS_cDWH_Exception: 	Major 
PWC_IMP_CADIS_cDWH_Exception: 	Major 
PWC_IMP_CADIS_cDWH_Exception: 	Major 
PWC_IMP_CADIS_cDWH_Prices: 	Major 
PWC_IMP_CADIS_cDWH_Prices: 	Major 
PWC_IMP_CADIS_cDWH_Prices: 	Major 
PWC_IMP_CADIS_cDWH_Reference: 	Major 
PWC_IMP_CADIS_cDWH_Reference: 	Major 
PWC_IMP_CADIS_cDWH_Reference: 	Major 
PWC_IMP_CADIS_cDWH_Static: 	Major 
PWC_IMP_CADIS_cDWH_Static: 	Major 
PWC_IMP_CADIS_cDWH_Static: 	Major 
QUARTZ_CONTROL_FLOW: 	Minor 
QUARTZ_CONTROL_FLOW_RESET_COUNTER: 	Minor 
QUARTZ_CONTROL_FLOW_RUN1: 	Minor 
QUARTZ_CONTROL_FLOW_RUN2: 	Minor 
QUARTZ_CONTROL_FLOW_RUN3: 	Minor 
QUARTZ_CONTROL_FLOW_RUN4: 	Minor 
QUARTZ_CONTROL_FLOW_RUN5: 	Minor 
QUARTZ_CONTROL_FLOW_RUN6: 	Minor 
QUARTZ_CONTROL_FLOW_TRIGGER: 	Minor 
RDCS_FUNDAT_CALCULATE_INTEREST: 	Major 
RDCS_FUNDAT_CORRECTION_OF_INTEREST: 	Major 
RDCS_FUNDAT_PROCESS_AUTO_MATCHING_1: 	Major 
RDCS_FUNDAT_PROCESS_AUTO_MATCHING_2: 	Major 
RDCS_FUNDAT_PROCESS_AUTO_MATCHING_3: 	Major 
RDCS_FUNDAT_PROCESS_AUTO_MATCHING_4: 	Major 
RDCS_FUNDAT_PROCESS_CLOSE_ACCOUNT_1: 	Major 
RDCS_FUNDAT_PROCESS_CLOSE_ACCOUNT_2: 	Major 
RDCS_FUNDAT_PROCESS_CLOSE_ACCOUNT_3: 	Major 
RDCS_FUNDAT_PROCESS_ENTITY_EVENTS: 	Major 
RDCS_FUNDAT_PROCESS_POSTPONED_BANK_TRANSACTIONS: 	Critical 
RDCS_FUNDAT_PROCESS_POSTPONED_MUTATIONS_1: 	Major 
RDCS_FUNDAT_PROCESS_POSTPONED_MUTATIONS_2: 	Major 
RDCS_FUNDAT_PROCESS_STRATEGY: 	Major 
RDCS_FUNDAT_PROCESS_STRATEGY_IIMDC: 	Major 
RDCS_FUNDAT_PROCESS_STRATEGY_NNPPI: 	Major 
RDCS_FUNDAT_PROCESS_TBMCOR_DATAFILE: 	Major 
RDCS_FUNDAT_PROCESS_TBMNAV_DATAFILE: 	Major 
RDCS_FUNDAT_PROCESS_TBXDS_DATAFILES: 	Major 
RDCS_MON_FUNDAT_CHECK-FUNDAT: 	Major 
RDCS_MON_FUNDAT_LOGS: 	Major 
RDCS_MON_FUNDAT_START-FUNDAT: 	Major 
RDCS_MON_FUNDAT_STOP-FUNDAT: 	Major 
RECON_ART_DWH: 	Major 
RECON_ART_DWH: 	Major 
RECON_ART_DWH: 	Major 
RISK_SCDM_EXPORT_Delete_Trigger: 	Major 
RMX_EMIR_REPORTS: 	Minor 
RMX_EMIR_REPORTS: 	Minor 
RMX_EXP_REPORTS: 	Minor 
RMX_EXP_REPORTS: 	Minor 
RMX_INDEX_DECRYPTOR: 	Minor 
RMX_INDEX_DECRYPTOR: 	Minor 
RMX_PFE_AM: 	Minor 
RMX_PFE_AM: 	Minor 
RMX_PFE_PM: 	Minor 
RMX_PFE_PM: 	Minor 
RTM-REF-SOLII-CREDIT-QUALITY-STEP-Combined: 	Major 
RTM-REF-SOLII-CREDIT-QUALITY-STEP-Combined: 	Major 
RTM-REF-SOLII-CREDIT-QUALITY-STEP-Combined: 	Major 
SALESFORCE_DWH_ACCOUNTS: 	Major 
SALESFORCE_DWH_BUSINESS_AT_RISK: 	Major 
SALESFORCE_DWH_CLIENT_ASSOCIATIONS: 	Major 
SALESFORCE_DWH_CLIENT_SHAREHOLDER_MAPPINGS: 	Major 
SALESFORCE_DWH_KYC: 	Major 
SALESFORCE_DWH_KYC_CONTACTS: 	Major 
SALESFORCE_DWH_OPPORTUNITIES: 	Major 
SALESFORCE_DWH_PRODUCT_RATINGS: 	Major 
SALESFORCE_DWH_RFP: 	Major 
SALESFORCE_DWH_SHAREHOLDER_ACCOUNTS: 	Major 
SALESFORCE_DWH_USERS: 	Major 
SALESFORCE_QV_SEGMENTATION_UPLOAD: 	Major 
SALESFORCE_SFFV_ALL_FILES_UPSERT: 	Major 
SALESFORCE_SFFV_PERSON_ACCOUNTS_UPSERT: 	Major 
SCD_CALC_CA_PFC_POS: 	Minor 
SCD_CALC_CA_PFC_POS: 	Major 
SCD_CALC_IA_CASHFLOW: 	Minor 
SCD_CALC_KEYRATIO_ADHOC: 	Minor 
SCD_CALC_KEYRATIO_ADHOC: 	Minor 
SCD_DB_PERF_DAILY: 	Warning 
SCD_DB_PERF_DAILY: 	Warning 
SCD_DB_PERF_W_FUNDS: 	Warning 
SCD_DB_PERF_W_FUNDS: 	Warning 
SCD_DB_PERF_W_LIM: 	Warning 
SCD_DB_PERF_W_LIM: 	Warning 
SCD_DB_PERF_W_MQ: 	Warning 
SCD_DB_PERF_W_MQ: 	Warning 
SCD_DB_PERF_W_OTHER: 	Warning 
SCD_DB_PERF_W_OTHER: 	Warning 
SCD_DB_PERF_W_OTHER_2: 	Warning 
SCD_DB_PERF_W_OTHER_2: 	Warning 
SCD_DB_PERF_W_PERF: 	Warning 
SCD_DB_PERF_W_PERF: 	Warning 
SCD_DB_PERF_W_PR: 	Warning 
SCD_DB_PERF_W_PR: 	Warning 
SCD_DB_PERF_W_SRM: 	Warning 
SCD_DB_PERF_W_SRM: 	Warning 
SCD_DB_PERF_W_STP: 	Warning 
SCD_DB_PERF_W_STP: 	Warning 
SCD_EXP_AFTERNAV_CZ: 	Major 
SCD_EXP_AFTERNAV_CZ: 	Major 
SCD_EXP_AFTERNAV_CZ: 	Major 
SCD_EXP_AFTERNAV_FUNDS: 	Major 
SCD_EXP_AFTERNAV_FUNDS: 	Major 
SCD_EXP_AFTERNAV_FUNDS: 	Major 
SCD_EXP_AFTERNAV_MANDATES: 	Major 
SCD_EXP_AFTERNAV_MANDATES: 	Major 
SCD_EXP_AFTERNAV_MANDATES: 	Major 
SCD_EXP_AFTERNAV_RO_SEL: 	Major 
SCD_EXP_AFTERNAV_RO_SEL: 	Major 
SCD_EXP_AFTERNAV_RO_UL: 	Major 
SCD_EXP_AFTERNAV_RO_UL: 	Major 
SCD_EXP_AFTERNAV_RO_UL: 	Major 
SCD_EXP_ART_DAILY: 	Minor 
SCD_EXP_ART_DAILY: 	Minor 
SCD_EXP_ART_MONTHLY: 	Minor 
SCD_EXP_ART_MONTHLY: 	Minor 
SCD_EXP_BRS_POS: 	Critical 
SCD_EXP_BRS_POS: 	Critical 
SCD_EXP_BRS_POS: 	Critical 
SCD_EXP_BRS_POS_ICS: 	Critical 
SCD_EXP_BRS_POS_ICS: 	Critical 
SCD_EXP_BRS_POS_ICS: 	Critical 
SCD_EXP_BRS_POS_INS: 	Critical 
SCD_EXP_BRS_POS_INS: 	Critical 
SCD_EXP_BRS_POS_INS: 	Critical 
SCD_EXP_BRS_POS2: 	Critical 
SCD_EXP_BRS_POS2: 	Critical 
SCD_EXP_BRS_POS2: 	Critical 
SCD_EXP_CA_DIV_D: 	Minor 
SCD_EXP_CA_DIV_D: 	Major 
SCD_EXP_CT_SUSPENSE: 	Major 
SCD_EXP_CTA_RECON: 	Major 
SCD_EXP_CTA_RECON: 	Major 
SCD_EXP_CTA_RECON: 	Major 
SCD_EXP_CZ_PRENAV: 	Minor 
SCD_EXP_DWH_ART: 	Major 
SCD_EXP_DWH_ART: 	Critical 
SCD_EXP_DWH_CLIENTS: 	Major 
SCD_EXP_DWH_CLIENTS: 	Critical 
SCD_EXP_DWH_COLLATERAL: 	Major 
SCD_EXP_DWH_COLLATERAL: 	Critical 
SCD_EXP_DWH_CTA_OFF_EOM: 	Minor 
SCD_EXP_DWH_CTA_OFF_EOM: 	Critical 
SCD_EXP_DWH_DATA: 	Major 
SCD_EXP_DWH_DATA: 	Critical 
SCD_EXP_DWH_DATA: 	Critical 
SCD_EXP_DWH_FUNDS: 	Major 
SCD_EXP_DWH_FUNDS: 	Critical 
SCD_EXP_DWH_ICS_CL_ADHOC: 	Major 
SCD_EXP_DWH_ICS_CL_ADHOC: 	Critical 
SCD_EXP_DWH_ICS_CLIENTS: 	Major 
SCD_EXP_DWH_ICS_CLIENTS: 	Critical 
SCD_EXP_DWH_ICS_FUNDS: 	Major 
SCD_EXP_DWH_ICS_FUNDS: 	Critical 
SCD_EXP_DWH_INS_OFF_EOM: 	Minor 
SCD_EXP_DWH_INS_OFF_EOM: 	Critical 
SCD_EXP_DWH_RMDB_INS: 	Minor 
SCD_EXP_DWH_RMDB_INS: 	Critical 
SCD_EXP_DWH_RO_SEL: 	Major 
SCD_EXP_DWH_RO_SEL: 	Critical 
SCD_EXP_DWH_TRANS: 	Major 
SCD_EXP_DWH_TRANS: 	Critical 
SCD_EXP_FA_FUT_POOLF_REDEMP: 	Major 
SCD_EXP_FA_FUT_POOLF_REDEMP: 	Minor 
SCD_EXP_FA_POOLFCT_CHNGD: 	Major 
SCD_EXP_FA_POOLFCT_CHNGD: 	Minor 
SCD_EXP_FIN_AUM_ICS: 	Minor 
SCD_EXP_FIN_AUM_ICS: 	Minor 
SCD_EXP_FIN_AUM_IIA_TPA: 	Minor 
SCD_EXP_FIN_AUM_IIA_TPA: 	Minor 
SCD_EXP_FIN_FEES: 	Major 
SCD_EXP_FIN_FEES: 	Major 
SCD_EXP_FIN_FEES: 	Major 
SCD_EXP_GBHEDGE: 	Major 
SCD_EXP_GBHEDGE: 	Major 
SCD_EXP_GBHEDGE: 	Major 
SCD_EXP_GL_CE: 	Minor 
SCD_EXP_GL_CE: 	Minor 
SCD_EXP_GL_PS_RO: 	Minor 
SCD_EXP_GL_PS_RO: 	Minor 
SCD_EXP_GL_RO_EXE: 	Major 
SCD_EXP_GL_RO_EXE: 	Major 
SCD_EXP_GL_SWE: 	Minor 
SCD_EXP_GL_SWE: 	Minor 
SCD_EXP_IA_MORNING: 	Major 
SCD_EXP_IA_MORNING: 	Major 
SCD_EXP_IA_MORNING: 	Major 
SCD_EXP_IA_SUSPENSE: 	Major 
SCD_EXP_ICS_RMDB_DIRECT: 	Minor 
SCD_EXP_ICS_RMDB_DIRECT: 	Minor 
SCD_EXP_MDM_STATIC: 	Major 
SCD_EXP_MDM_STATIC: 	Minor 
SCD_EXP_NNRE_MDAT: 	Major 
SCD_EXP_NNRE_MDAT: 	Major 
SCD_EXP_NNRE_MDAT: 	Major 
SCD_EXP_PME_ICS: 	Major 
SCD_EXP_PME_ICS: 	Major 
SCD_EXP_PME_ICS: 	Major 
SCD_EXP_PME_TPA_BE: 	Major 
SCD_EXP_PME_TPA_BE: 	Major 
SCD_EXP_PME_TPA_BE: 	Major 
SCD_EXP_PME_TPA_D: 	Major 
SCD_EXP_PME_TPA_D: 	Major 
SCD_EXP_PME_TPA_D: 	Major 
SCD_EXP_PME_TPA_ED: 	Major 
SCD_EXP_PME_TPA_ED: 	Major 
SCD_EXP_PME_TPA_ED: 	Major 
SCD_EXP_PME_TPA_ICS: 	Major 
SCD_EXP_PME_TPA_ICS: 	Major 
SCD_EXP_PME_TPA_ICS: 	Major 
SCD_EXP_PME_TPA_M: 	Major 
SCD_EXP_PME_TPA_M: 	Major 
SCD_EXP_PME_TPA_M: 	Major 
SCD_EXP_PME_TPA_W: 	Major 
SCD_EXP_PME_TPA_W: 	Major 
SCD_EXP_PME_TPA_W: 	Major 
SCD_EXP_PR_EXPORT_BNDFWD: 	Critical 
SCD_EXP_PR_EXPORT_BNDFWD: 	Critical 
SCD_EXP_PRICE: 	Major 
SCD_EXP_PRICE: 	Major 
SCD_EXP_PRICEREQ1: 	Major 
SCD_EXP_PRICEREQ2: 	Major 
SCD_EXP_PRICEREQ2: 	Major 
SCD_EXP_PRICEREQ3: 	Major 
SCD_EXP_PRICEREQ3: 	Major 
SCD_EXP_PRICEREQ4: 	Major 
SCD_EXP_PRICEREQ4: 	Major 
SCD_EXP_RECS: 	Minor 
SCD_EXP_RECS: 	Major 
SCD_EXP_RISK_VORTEX: 	Minor 
SCD_EXP_RISK_VORTEX: 	Minor 
SCD_EXP_RISK_VORTEX_2: 	Minor 
SCD_EXP_RISK_VORTEX_2: 	Minor 
SCD_EXP_SAPBW: 	Major 
SCD_EXP_SAPBW: 	Major 
SCD_EXP_SAPFICO: 	Major 
SCD_EXP_SAPFICO: 	Major 
SCD_EXP_SAPFICO_CHECK: 	Major 
SCD_EXP_SAPFICO_CHECK: 	Major 
SCD_EXP_SAPFICO_CHECK_ICS: 	Major 
SCD_EXP_SAPFICO_CHECK_ICS: 	Major 
SCD_EXP_SAPFICO_ICS: 	Major 
SCD_EXP_SAPFICO_ICS: 	Major 
SCD_EXP_SCDWH_LOAD_PLAN: 	Minor 
SCD_EXP_SCF_UNI_HALF_HOURLY: 	Major 
SCD_EXP_SCF_UNI_HALF_HOURLY: 	Major 
SCD_EXP_SCF_UNI_HALF_HOURLY: 	Major 
SCD_EXP_STPRO_NON_NL: 	Major 
SCD_EXP_STPRO_NON_NL: 	Minor 
SCD_EXP_TPA_FUND_PART_RECON: 	Major 
SCD_EXP_TPA_FUND_PART_RECON: 	Major 
SCD_EXP_TPA_FUND_PART_RECON: 	Major 
SCD_EXP_TPA_MAAND_KLANT: 	Major 
SCD_EXP_TPA_MAAND_KLANT: 	Major 
SCD_EXP_TPA_MAAND_KLANT: 	Major 
SCD_IIA_STP: 	Minor 
SCD_IIA_STP: 	Minor 
SCD_IMP_BBH_DEXIA: 	Minor 
SCD_IMP_BRS_NNRE_EU: 	Major 
SCD_IMP_BRS_NNRE_JP: 	Major 
SCD_IMP_CCP_CGML_MARGINS: 	Major 
SCD_IMP_CCP_DB_MARGINS: 	Minor 
SCD_IMP_CCP_JPM_MARGINS: 	Minor 
SCD_IMP_GSSECLEND: 	Major 
SCD_IMP_GSSECLEND: 	Major 
SCD_IMP_MDAT_EOD: 	Critical 
SCD_IMP_MDAT_EOD: 	Critical 
SCD_IMP_MDAT_EOD: 	Critical 
SCD_IMP_PR_INS: 	Major 
SCD_IMP_PR_INS: 	Major 
SCD_IMP_PRICE_DWB_MM: 	Major 
SCD_IMP_PRICE_DWB_MM: 	Major 
SCD_IMP_PRICE_DWB_OTC: 	Major 
SCD_IMP_PRICE_DWB_OTC: 	Major 
SCD_IMP_PRICECOR_SPRINT_AF_MidNight: 	Critical 
SCD_IMP_PRICECOR_SPRINT_AF_MidNight: 	Critical 
SCD_IMP_PRICECOR_SPRINT_BF_MidNight: 	Critical 
SCD_IMP_PRICECOR_SPRINT_BF_MidNight: 	Critical 
SCD_IMP_PRICECOR_SPRINT_BF_MidNight: 	Critical 
SCD_IMP_PRICES_MIDDAY: 	Major 
SCD_IMP_PRICES_MIDDAY: 	Major 
SCD_IMP_PRICES_SPRINT: 	Critical 
SCD_IMP_PRICES_SPRINT: 	Critical 
SCD_IMP_PRICES_SPRINT: 	Critical 
SCD_IMP_RECON_FUTURES_GS: 	Major 
SCD_IMP_RECON_FUTURES_JPM: 	Major 
SCD_IMP_RECON_FUTURES_MS: 	Major 
SCD_IMP_STATIC: 	Major 
SCD_IMP_STATIC: 	Major 
SCD_IMP_TPA_FF_MAN_VAL: 	Major 
SCD_IMP_TPA_FF_MAN_VAL: 	Major 
SCD_INT_ACCOUNT_SWE: 	Minor 
SCD_INT_ACCOUNT_SWE: 	Minor 
SCD_INT_CALC_BM: 	Major 
SCD_INT_CALC_ICS_PFC: 	Minor 
SCD_INT_CALC_ICS_PFC: 	Minor 
SCD_INT_CTA_ACCOUNT: 	Critical 
SCD_INT_CTA_ACCOUNT: 	Critical 
SCD_INT_CTA_ACCOUNT: 	Critical 
SCD_INT_CTA_BOROUTINE: 	Minor 
SCD_INT_CTA_BOROUTINE: 	Minor 
SCD_INT_FA_ACCOUNT: 	Critical 
SCD_INT_FA_ACCOUNT: 	Critical 
SCD_INT_FA_ACCOUNT: 	Minor 
SCD_INT_FA_BOROUTINE: 	Minor 
SCD_INT_FA_BOROUTINE: 	Minor 
SCD_INT_IA_D_MICRO_HEDGE: 	Minor 
SCD_INT_IA_D_MICRO_HEDGE: 	Minor 
SCD_INT_IA_D_MICRO_HEDGE: 	Minor 
SCD_INT_MA_EXTRACT: 	Minor 
SCD_INT_MA_EXTRACT: 	Minor 
SCD_INT_MA_PROP_AMOR: 	Major 
SCD_INT_MA_PROP_AMOR: 	Major 
SCD_INT_MA_PROP_FCST: 	Major 
SCD_INT_MA_PROP_FCST: 	Major 
SCD_INT_MDM_VAL_INSTR: 	Minor 
SCD_INT_MDM_VAL_INSTR: 	Minor 
SCD_INT_NNBANK: 	Minor 
SCD_INT_NNBANK: 	Minor 
SCD_INT_RO_IA_FEES: 	Major 
SCD_INT_RO_IA_FEES: 	Major 
SCD_INT_RO_IA_FEES: 	Major 
SCD_INT_SWE_BOROUTINE: 	Minor 
SCD_INT_SWE_BOROUTINE: 	Minor 
SCD_MAINT_ARCHFILE: 	Warning 
SCD_MAINT_ARCHFILE: 	Warning 
SCD_MAINT_CHECK_BRSFILES: 	Critical  
SCD_MAINT_CHECK_FARFILE: 	Critical  
SCD_MAINT_CHECK_FARFILE_MORN: 	Critical  
SCD_MAINT_CHECK_ICS_CA: 	Critical 
SCD_MAINT_CHECK_ICS_POS: 	Critical 
SCD_MAINT_CHECK_PRICEFILE: 	Critical  
SCD_MAINT_HOLDMT940: 	Warning 
SCD_MAINT_HOLDMT940: 	Warning 
SCD_MON_SOP: 	Critical 
SCD_MON_SOP: 	Critical 
SCD_REP_AFM: 	Major 
SCD_REP_CFR_B_SHIFT: 	Major 
SCD_REP_CFR_B_SHIFT: 	Major 
SCD_REP_CFR_B_SHIFT: 	Major 
SCD_REP_CFR_C_SHIFT: 	Major 
SCD_REP_CFR_C_SHIFT: 	Major 
SCD_REP_CFR_C_SHIFT: 	Major 
SCD_REP_CFR_INKA: 	Minor 
SCD_REP_CFR_INKA: 	Minor 
SCD_REP_CFR_REPORTS: 	Major 
SCD_REP_CFR_REPORTS: 	Major 
SCD_REP_CFR_REPORTS: 	Major 
SCD_REP_CTA_CASHFLOW: 	Minor 
SCD_REP_CTA_CASHFLOW: 	Minor 
SCD_REP_CZ_EOM_REPORTING: 	Major 
SCD_REP_CZ_EOM_REPORTING: 	Major 
SCD_REP_CZ_EOM_REPORTING: 	Major 
SCD_REP_DL_FXRATES: 	Minor 
SCD_REP_DL_FXRATES: 	Minor 
SCD_REP_FA_DNB_F: 	Minor 
SCD_REP_FA_DNB_F: 	Minor 
SCD_REP_FA_DNB_F_Q: 	Minor 
SCD_REP_FA_DNB_F_Q: 	Minor 
SCD_REP_FA_DNB_ICS_F: 	Minor 
SCD_REP_FA_DNB_ICS_F: 	Minor 
SCD_REP_FA_DNB_ICS_F_Q: 	Minor 
SCD_REP_FA_DNB_ICS_F_Q: 	Minor 
SCD_REP_FA_DNB_ICS_K: 	Minor 
SCD_REP_FA_DNB_ICS_K: 	Minor 
SCD_REP_FA_DNB_K: 	Minor 
SCD_REP_FA_DNB_K: 	Minor 
SCD_REP_FA_DNB_MORTG: 	Minor 
SCD_REP_FA_DNB_MORTG: 	Minor 
SCD_REP_FA_DNB_MORTG_Q: 	Minor 
SCD_REP_FA_DNB_MORTG_Q: 	Minor 
SCD_REP_FIN_NAV_TPA_VB: 	Minor 
SCD_REP_FIN_NAV_TPA_VB: 	Minor 
SCD_REP_FOCUS_REPORTS: 	Critical 
SCD_REP_FOCUS_REPORTS: 	Critical 
SCD_REP_FOCUS_REPORTS: 	Critical 
SCD_REP_GREECE_AVG: 	Minor 
SCD_REP_IA_HA_RE: 	Major 
SCD_REP_IA_HA_RE_TD: 	Major 
SCD_REP_ICS_ICS155_FXREP: 	Minor 
SCD_REP_ICS_ICS155_FXREP: 	Minor 
SCD_REP_ICS_MONTHLY_T10: 	Minor 
SCD_REP_ICS_MONTHLY_T10: 	Minor 
SCD_REP_ICS_MONTHLY_T11: 	Minor 
SCD_REP_ICS_MONTHLY_T11: 	Minor 
SCD_REP_ICS_MONTHLY_T12: 	Minor 
SCD_REP_ICS_MONTHLY_T12: 	Minor 
SCD_REP_ICS_MONTHLY_T13: 	Minor 
SCD_REP_ICS_MONTHLY_T13: 	Minor 
SCD_REP_ICS_MONTHLY_T16: 	Minor 
SCD_REP_ICS_MONTHLY_T16: 	Minor 
SCD_REP_ICS_MONTHLY_T2: 	Minor 
SCD_REP_ICS_MONTHLY_T2: 	Minor 
SCD_REP_ICS_MONTHLY_T4: 	Minor 
SCD_REP_ICS_MONTHLY_T4: 	Minor 
SCD_REP_ICS_MONTHLY_T5: 	Minor 
SCD_REP_ICS_MONTHLY_T5: 	Minor 
SCD_REP_ICS_MONTHLY_T6: 	Minor 
SCD_REP_ICS_MONTHLY_T6: 	Minor 
SCD_REP_ICS_MONTHLY_T7: 	Minor 
SCD_REP_ICS_MONTHLY_T7: 	Minor 
SCD_REP_ICS_MONTHLY_T8: 	Minor 
SCD_REP_ICS_MONTHLY_T8: 	Minor 
SCD_REP_ICS_MONTHLY_T9: 	Minor 
SCD_REP_ICS_MONTHLY_T9: 	Minor 
SCD_REP_INGRE5DAILY: 	Minor 
SCD_REP_INGRE5DAILY: 	Minor 
SCD_REP_PPM_EOM: 	Minor 
SCD_REP_PPM_EOM: 	Minor 
SCD_REP_PPM_EONM: 	Minor 
SCD_REP_PPM_EONM: 	Minor 
SCD_REP_PPMMONTHLY: 	Minor 
SCD_REP_PPMMONTHLY: 	Minor 
SCD_REP_PPMQUARTER: 	Minor 
SCD_REP_PPMQUARTER: 	Minor 
SCD_REP_PPMWEEKLY: 	Minor 
SCD_REP_PPMWEEKLY: 	Minor 
SCD_REP_PPMWEEKLY_XTRA: 	Minor 
SCD_REP_PPMWEEKLY_XTRA: 	Minor 
SCD_REP_PPMYEARLY: 	Minor 
SCD_REP_PPMYEARLY: 	Minor 
SCD_REP_PRICECOR_1_AF_MidNight: 	Critical 
SCD_REP_PRICECOR_1_AF_MidNight: 	Critical 
SCD_REP_PRICECOR_2_AF_MidNight: 	Critical 
SCD_REP_PRICECOR_2_AF_MidNight: 	Critical 
SCD_REP_PRICECOR_3_AF_MidNight: 	Critical 
SCD_REP_PRICECOR_3_AF_MidNight: 	Critical 
SCD_REP_PRICECOR_4_AF_MidNight: 	Critical 
SCD_REP_PRICECOR_4_AF_MidNight: 	Critical 
SCD_REP_PRICECOR_5_AF_MidNight: 	Critical 
SCD_REP_PRICECOR_5_AF_MidNight: 	Critical 
SCD_REP_PRTPA_0700: 	Major 
SCD_REP_PRTPA_0700: 	Major 
SCD_REP_RO_EOM_REPORTING: 	Major 
SCD_REP_RO_EOM_REPORTING: 	Major 
SCD_REP_RO_EOM_REPORTING: 	Major 
SCD_REP_TPA_DEP_REC: 	Minor 
SCD_REP_TPA_DEP_REC: 	Minor 
SCD_RISK_SHORT_SELL: 	Major 
SCD_RISK_SHORT_SELL: 	Major 
SCD_RISK_SHORT_SELL: 	Major 
SCDPL_INT_APRMODELS: 	Minor 
SCDPL_INT_APRMODELS: 	Minor 
SCDPL_INT_BRS_INTERFACE: 	Minor 
SCDPL_INT_BRS_INTERFACE: 	Minor 
SCDPL_INT_LIMIT_GAV: 	Minor 
SCDPL_INT_LIMIT_GAV: 	Minor 
SCDPL_INT_PL_APRPERFM_A: 	Minor 
SCDPL_INT_PL_APRPERFM_A: 	Minor 
SCDPL_INT_PL_APRPERFM_B: 	Minor 
SCDPL_INT_PL_APRPERFM_B: 	Minor 
SCDPL_INT_PL_APRPERFM_C: 	Minor 
SCDPL_INT_PL_APRPERFM_C: 	Minor 
SCDPL_INT_PL_APRPERFM_D: 	Minor 
SCDPL_INT_PL_APRPERFM_D: 	Minor 
SCDPL_REP_EOD: 	Minor 
SCDPL_REP_EOD: 	Minor 
SIRP_IMP_LOADXML: 	Minor 
SPOT_CONTROL_FLOW: 	Minor 
SPOT_CONTROL_FLOW_RESET_COUNTER: 	Minor 
SPOT_CONTROL_FLOW_RUN1: 	Minor 
SPOT_CONTROL_FLOW_RUN2: 	Minor 
SPOT_CONTROL_FLOW_RUN3: 	Minor 
SPOT_CONTROL_FLOW_RUN4: 	Minor 
SPOT_CONTROL_FLOW_RUN5: 	Minor 
SPOT_CONTROL_FLOW_RUN6: 	Minor 
SPOT_CONTROL_FLOW_TRIGGER: 	Minor 
TIBCO_BRS-POSITION_CLEANUP: 	Major 
TIBCO_CADIS_TRIGGER_MARKIT: 	Major 
TIBCO_CADIS_TRIGGER_MARKIT: 	Major 
TIBCO_CLEVER_CLEANUP: 	Minor 
TIBCO_EMAIL_FXCASH_SST_TO_TIB: 	Critical 
TIBCO_EMAIL_FXTRX_SST_TO_TIB: 	Critical 
TIBCO_MAINT_check_alerts: 	minor 
TIBCO_MAINT_check_alerts: 	minor 
TIBCO_MAINT_MOST_CONSISTENCY: 	Minor 
TIBCO_MAINT_MOST_CONSISTENCY_EVNG: 	Minor 
TIBCO_MFT_ COLLSEC_BEIM_TO_TIB: 	Critical 
TIBCO_MFT_AA_FACT_TO_PFDB: 	Major 
TIBCO_MFT_ABORIBOR_IIMNL_TO_TIB: 	Major 
TIBCO_MFT_ACCT_BBH_TO_TIB_AM: 	Critical 
TIBCO_MFT_ACCT_BBH_TO_TIB_PM: 	Critical 
TIBCO_MFT_AIFMD_DWH_TO_PWC: 	Critical 
TIBCO_MFT_ALL_BBH_TO_TIB: 	Major 
TIBCO_MFT_ALL_BBH_TO_TIB: 	Major 
TIBCO_MFT_ALL_GMIR_TO_IIMNL: 	Critical 
TIBCO_MFT_ALL_IDS_TO_BRS: 	Major 
TIBCO_MFT_ALL_IIM_TO_DMS: 	Major 
TIBCO_MFT_ALL_IIMNL_TO_PREVINET: 	Major 
TIBCO_MFT_ALL_TRS_TO_KASBNK: 	Major 
TIBCO_MFT_ALLCSV_JPN_TO_BRS: 	Critical 
TIBCO_MFT_ALLCZH_BRSFS_TO_BRS: 	Major 
TIBCO_MFT_ALLDEPO_DWH_TO_BNYM: 	Major 
TIBCO_MFT_ALLDEPO_DWH_TO_BNYM: 	Major 
TIBCO_MFT_ALLPL_BRSFS_TO_BRS: 	Major 
TIBCO_MFT_ANLY_BTMIE_TO_TIB: 	Major 
TIBCO_MFT_APF_RDCS_TO_HRK: 	Critical 
TIBCO_MFT_BAL_SCD_TO_FAR: 	Major 
TIBCO_MFT_BALLUX_SCD_TO_INGLIFE: 	Major 
TIBCO_MFT_BBHNAV_DWH_TO_SCD: 	Major 
TIBCO_MFT_BLM_EDW_TO_SPRO: 	Major 
TIBCO_MFT_BLM_EDW_TO_SPRO: 	Major 
TIBCO_MFT_BM_SFS_TO_SPRO: 	Major 
TIBCO_MFT_BMPRC_FACT_TO_RMDB: 	Major 
TIBCO_MFT_BNCHMRK_IIMNL_TO_MONIS: 	Major 
TIBCO_MFT_BUCKET_SCD_TO_RMDB: 	Major 
TIBCO_MFT_CA_BRS_TO_TIB: 	Major 
TIBCO_MFT_CASH_BTM_TO_BB: 	Major 
TIBCO_MFT_CASH_IIM_TO_BRS: 	Major 
TIBCO_MFT_CASH_SCD_TO_TIB: 	Major 
TIBCO_MFT_CASHACT_BNYM_TO_TIB: 	Major 
TIBCO_MFT_CASHACT_BNYM_TO_TIB: 	Major 
TIBCO_MFT_CASHEQ_DWH_TO_SCD: 	Major 
TIBCO_MFT_CASHEST_BBH_TO_TIB_1: 	Critical 
TIBCO_MFT_CASHEST_BNYM_TO_TIB_1: 	Major 
TIBCO_MFT_CASHEST_BNYM_TO_TIB_1: 	Major 
TIBCO_MFT_CASHEST_BNYM_TO_TIB_2: 	Major 
TIBCO_MFT_CASHEST_BNYM_TO_TIB_2: 	Major 
TIBCO_MFT_CASHEST_BNYM_TO_TIB_3: 	Major 
TIBCO_MFT_CASHEST_BNYM_TO_TIB_3: 	Major 
TIBCO_MFT_CCS_JPM_TO_TIB: 	Major 
TIBCO_MFT_CFF_BBH_TO_TIB: 	Major 
TIBCO_MFT_CFK_TRS_TO_KASBNK: 	Major 
TIBCO_MFT_CIF_DWH_TO_FFF: 	Major 
TIBCO_MFT_CLRPT_BRS_TO_BFS: 	Major 
TIBCO_MFT_COLLDTL_BRS_TO_DWH: 	Major 
TIBCO_MFT_COLLSTMT_BRS_TO_TIB: 	Major 
TIBCO_MFT_CPPRC_IIMNL_TO_MEDM: 	Major 
TIBCO_MFT_CRELOANS_SCD_TO_IDS: 	Critical 
TIBCO_MFT_CSHFLW_BRS_TO_IIMNL: 	Minor 
TIBCO_MFT_CTRL3DPM_RMDB_TO_RMSCI: 	Major 
TIBCO_MFT_CTRLAM_RMDB_TO_RMSCI: 	Major 
TIBCO_MFT_CTRLPM_RMDB_TO_RMSCI: 	Major 
TIBCO_MFT_CUSTRX_AFS_TO_IIMNL: 	Major 
TIBCO_MFT_CUSTRX_AFS_TO_TIB: 	Critical 
TIBCO_MFT_CUSTRX_IIMNL_TO_AFS: 	Major 
TIBCO_MFT_CUSTRX_IIMNL_TO_TIB: 	Critical 
TIBCO_MFT_DLAM_IDS_TO_BRS: 	Major 
TIBCO_MFT_DQ_MEDM_TO_IMFS: 	Major 
TIBCO_MFT_EPD_KNEIP_TO_DWH: 	Major 
TIBCO_MFT_EQTY_QRTZ_TO_NMRA: 	Major 
TIBCO_MFT_ER_IDC_TO_TIB: 	Major 
TIBCO_MFT_ERRRES_BB_TO_JPN: 	Critical 
TIBCO_MFT_ERV2_IDC_TO_TIB: 	Major 
TIBCO_MFT_EVBPRC_MRKT_TO_TIB: 	Major 
TIBCO_MFT_EVENTSGG_BLTG_TO_RDCS: 	Critical 
TIBCO_MFT_EVENTSGG_RDCS_TO_BLTG: 	Critical 
TIBCO_MFT_EWNLSGEG_BLTG_TO_RDCS: 	Critical 
TIBCO_MFT_EWNLSGEG_RDCS_TO_BLTG: 	Critical 
TIBCO_MFT_EXTABSN01_ROOT_01: 	Major 
TIBCO_MFT_EXTBB01_RISK_01: 	Major 
TIBCO_MFT_EXTBRCLY01_IDX_01: 	Major 
TIBCO_MFT_EXTDB01_OUTGOING_01: 	Major 
TIBCO_MFT_EXTGMIR01_CLNTING_01: 	Major 
TIBCO_MFT_EXTIVY01_IVYPATCH_01: 	Major 
TIBCO_MFT_EXTIVY01_IVYUPDATE_01: 	Major 
TIBCO_MFT_EXTMRKT01_B170402_01: 	Major 
TIBCO_MFT_EXTMRKT01_OUTEUR_01: 	Major 
TIBCO_MFT_EXTMRKT01_OUTEUR_MON_01: 	Major 
TIBCO_MFT_EXTMRKT01_OUTEURHY_01: 	Major 
TIBCO_MFT_EXTMRKT01_OUTEURHY_MON_01: 	Major 
TIBCO_MFT_EXTMRKT01_OUTGBP_01: 	Major 
TIBCO_MFT_EXTMRKT01_OUTGBP_MON_01: 	Major 
TIBCO_MFT_EXTMRKT01_OUTUSD_01: 	Major 
TIBCO_MFT_EXTMRKT01_OUTUSD_MON_01: 	Major 
TIBCO_MFT_EXTRBC01_TRANSFER_01: 	Major 
TIBCO_MFT_EXTRBC01_TRANSFER_02: 	Major 
TIBCO_MFT_EXTRBC01_TRANSFER_03: 	Major 
TIBCO_MFT_EXTREUTERS01_REPORTS_01: 	Major 
TIBCO_MFT_EXTREUTERS02_REPORTS_02: 	Major 
TIBCO_MFT_EXTRMSCI01_RMSCIIN_01: 	Major 
TIBCO_MFT_EXTRMSCI01_RMSCIIN_02: 	Major 
TIBCO_MFT_EXTSPRO01_EXPRPT_01: 	Major 
TIBCO_MFT_EXTSST01_FRMSSC_01: 	Major 
TIBCO_MFT_FAIRVAL_BBH_TO_OTC: 	Major 
TIBCO_MFT_FAIRVAL_OTC_TO_BBH: 	Major 
TIBCO_MFT_FCTSTING12_MSRS_TO_IIMNL: 	Major 
TIBCO_MFT_FCTSTING12_MSRS_TO_IIMNL: 	Major 
TIBCO_MFT_FCTSTING13_MSRS_TO_IIMNL: 	Major 
TIBCO_MFT_FCTSTING14_MSRS_TO_IIMNL: 	Major 
TIBCO_MFT_FCTSTING15_MSRS_TO_IIMNL: 	Major 
TIBCO_MFT_FCTSTRCD12_MSRS_TO_IIMNL: 	Major 
TIBCO_MFT_FCTSTRCD13_MSRS_TO_IIMNL: 	Major 
TIBCO_MFT_FINRPT_SCD_TO_TAFS: 	Major 
TIBCO_MFT_FLDS_BB_TO_MEDM_DS: 	Major 
TIBCO_MFT_FLDS_BB_TO_MEDM_NDS: 	Major 
TIBCO_MFT_FORT_SCD_TO_TIB: 	Critical 
TIBCO_MFT_FORT_SCD_TO_UNIV: 	Critical 
TIBCO_MFT_FRIS_IIMNL_TO_NNB: 	Critical 
TIBCO_MFT_FTK_IIMNL_TO_PFDB: 	Critical 
TIBCO_MFT_FUND_RDCS_TO_SFRC: 	Major 
TIBCO_MFT_FUNDRPT_PFDB_TO_NNRE: 	Minor 
TIBCO_MFT_FUT_TIB_TO_BRS: 	Major 
TIBCO_MFT_FUT_TIB_TO_BRS: 	Minor 
TIBCO_MFT_FUTMRG_JPM_TO_TIB: 	Major 
TIBCO_MFT_FUTRECON_JPM_TO_SCD: 	Major 
TIBCO_MFT_FXCASH_SST_TO_TIB: 	Critical 
TIBCO_MFT_FXR_MEDM_TO_SPRO: 	Major 
TIBCO_MFT_FXR_MEDM_TO_SPRO: 	Major 
TIBCO_MFT_FXTRX_BRSFS_TO_TIB: 	Major 
TIBCO_MFT_FXTRX_SST_TO_TIB: 	Critical 
TIBCO_MFT_GBHDG_BRS_TO_TIB: 	Major 
TIBCO_MFT_GBLSTMT_MRKT_TO_QUANT: 	Major 
TIBCO_MFT_GEWNLGEG_BLTG_TO_RDCS: 	Critical 
TIBCO_MFT_GEWNLGEG_RDCS_TO_BLTG: 	Critical 
TIBCO_MFT_GID_IVY_TO_OMD: 	Major 
TIBCO_MFT_GID_IVY_TO_OMD2: 	Major 
TIBCO_MFT_GIP_IVY_TO_OMD: 	Major 
TIBCO_MFT_GIP_IVY_TO_OMD2: 	Major 
TIBCO_MFT_GPCZ_BRS_TO_BFS: 	Major 
TIBCO_MFT_GPICS_BRS_TO_BFS: 	Major 
TIBCO_MFT_GPPL_BRS_TO_BFS: 	Major 
TIBCO_MFT_GPPRP_BRS_TO_BFS: 	Major 
TIBCO_MFT_GPTPA_BRS_TO_BFS: 	Major 
TIBCO_MFT_HLDAE_IIMNL_TO_TIB: 	Major 
TIBCO_MFT_HLDG_IIM_TO_MDLM: 	Major 
TIBCO_MFT_HLDHU_IIMNL_TO_TIB: 	Major 
TIBCO_MFT_HLDIN_IIMNL_TO_TIB: 	Major 
TIBCO_MFT_HLDJP_IIMNL_TO_TIB: 	Major 
TIBCO_MFT_HLDNAVCR_IIMNL_TO_TIB: 	Major 
TIBCO_MFT_HLDNAVGR_IIMNL_TO_TIB: 	Major 
TIBCO_MFT_HLDRO_IIMNL_TO_TIB: 	Major 
TIBCO_MFT_HLDS_IIMNL_TO_FACT: 	Critical 
TIBCO_MFT_HOLDPOS_SCD_TO_VTX: 	Major 
TIBCO_MFT_HYRECO_QRTZ_TO_BRS: 	Major 
TIBCO_MFT_IBX_BRCLY_TO_TIB: 	Major 
TIBCO_MFT_IBX_TIB_TO_IIMNL: 	Major 
TIBCO_MFT_IBXEUR_MRKT_TO_MEDM: 	Major 
TIBCO_MFT_IBXEUR_MRKT_TO_MEDM_MON: 	Major 
TIBCO_MFT_IBXEURHY_MRKT_TO_MEDM: 	Major 
TIBCO_MFT_IBXEURHY_MRKT_TO_MEDM_MON: 	Major 
TIBCO_MFT_IBXGBP_MRKT_TO_MEDM: 	Major 
TIBCO_MFT_IBXGBP_MRKT_TO_MEDM_MON: 	Major 
TIBCO_MFT_IBXUSD_MRKT_TO_MEDM: 	Major 
TIBCO_MFT_IBXUSD_MRKT_TO_MEDM_MON: 	Major 
TIBCO_MFT_ICSCA_SCD_TO_TIB: 	Major 
TIBCO_MFT_ICSPOS_SCD_TO_TIB: 	Major 
TIBCO_MFT_ICSREP_IIMNL_TO_FACT: 	Critical 
TIBCO_MFT_IDX_BB_TO_MEDM: 	Major 
TIBCO_MFT_IDX_SD_TO_IMFS: 	Major 
TIBCO_MFT_IDX_SD_TO_IMFS_MON: 	Major 
TIBCO_MFT_IDXPRC_FACT_TO_RMDB: 	Major 
TIBCO_MFT_IDXV1_SD_TO_IMFS: 	Major 
TIBCO_MFT_IDXV1_SD_TO_IMFS_MON: 	Major 
TIBCO_MFT_IDXV1_SD_TO_MEDM: 	Major 
TIBCO_MFT_IDXV1_SD_TO_MEDM_MON: 	Major 
TIBCO_MFT_IIMDC_RDCS_TO_HRK: 	Critical 
TIBCO_MFT_IMDBPUB_MEDM_TO_IMFS: 	Major 
TIBCO_MFT_IMDBPUB_MEDM_TO_IMFS_EVNG: 	Major 
TIBCO_MFT_IMDBPUB_MEDM_TO_IMFS_EVNG: 	Major 
TIBCO_MFT_IMDBPUB_MEDM_TO_IMFS_MNTHENDS: 	Major 
TIBCO_MFT_IMDBPUB_MEDM_TO_IMFS_MRNG: 	Major 
TIBCO_MFT_IMDBPUB_MEDM_TO_IMFS_MRNG: 	Major 
TIBCO_MFT_IMDBPUB_MEDM_TO_IMFS_SOLII: 	Major 
TIBCO_MFT_IMDBPUB_MEDM_TO_IMFS_SOLII: 	Major 
TIBCO_MFT_INST_MEDM_TO_ART: 	Major 
TIBCO_MFT_JPCC_JPM_TO_TIB: 	Major 
TIBCO_MFT_JRNL_SCD_TO_FAR_EVENING: 	Critical 
TIBCO_MFT_JRNL_SCD_TO_FAR_MORNING: 	Critical 
TIBCO_MFT_JRNL_SCD_TO_PSES: 	Minor 
TIBCO_MFT_JRNL_SCD_TO_PSGR: 	Major 
TIBCO_MFT_JRNL_SCD_TO_PSRO: 	Major 
TIBCO_MFT_JRNL_SCD_TO_SAPF: 	Major 
TIBCO_MFT_JRNL_SCD_TO_SAPF_ICS: 	Major 
TIBCO_MFT_JRNL_TIB_TO_FAR: 	Major 
TIBCO_MFT_KIID_DWH_TO_KNEIP: 	Major 
TIBCO_MFT_KIID_KNEIP_TO_RAPID: 	Critical 
TIBCO_MFT_KIID_KNEIP_TO_UCM: 	Major 
TIBCO_MFT_KIIDPDF_KNEIP_TO_RAPID: 	Critical 
TIBCO_MFT_KIIDPDF_KNEIP_TO_UCM: 	Major 
TIBCO_MFT_LGL_BEL_TO_BEAMA: 	Major 
TIBCO_MFT_MASS_REUT_1_TO_BTMIE: 	Major 
TIBCO_MFT_MASS_REUT_2_TO_BTMIE: 	Major 
TIBCO_MFT_MDRV_IIMNL_TO_IMFS: 	Major 
TIBCO_MFT_MF_BB_TO_MEDM: 	Major 
TIBCO_MFT_MF_BB_TO_MEDM: 	Major 
TIBCO_MFT_MISCASH_IIM_TO_BRS: 	Major 
TIBCO_MFT_MKTDATA_BRS_TO_TIB: 	Major 
TIBCO_MFT_MKTDATA_MEDM_TO_SCD: 	Major 
TIBCO_MFT_MLCC_BAML_TO_TIB: 	Major 
TIBCO_MFT_MRG_JPM_TO_TIB: 	Major 
TIBCO_MFT_MRG_TIB_TO_BRS: 	Major 
TIBCO_MFT_MRG_TIB_TO_BRS: 	Minor 
TIBCO_MFT_MSTEMP_IIMNL_TO_BRS: 	Major 
TIBCO_MFT_NAV_IIMNL_TO_NNGBHEDGE: 	Major 
TIBCO_MFT_NAV_SCD_TO_BNYM: 	Critical 
TIBCO_MFT_NAV_SCD_TO_BNYM: 	Critical 
TIBCO_MFT_NAV_SCD_TO_TIB: 	Critical 
TIBCO_MFT_NAVAE_IIMNL_TO_TIB: 	Major 
TIBCO_MFT_NAVHOLD_SCD_TO_RMDB: 	Major 
TIBCO_MFT_NAVHU_IIMNL_TO_TIB: 	Major 
TIBCO_MFT_NAVRO_IIMNL_TO_TIB: 	Major 
TIBCO_MFT_NEWCASH_SCD_TO_BRS: 	Major 
TIBCO_MFT_NLM_SCD_TO_SPRO_3: 	Major 
TIBCO_MFT_NNPPI_RDCS_TO_HRK: 	Critical 
TIBCO_MFT_NNRERECON_BRS_TO_TIB: 	Major 
TIBCO_MFT_ORD_PL_TO_IIMTA: 	Major 
TIBCO_MFT_ORX_BNYM_TO_TIB: 	Major 
TIBCO_MFT_ORX_SIM_TO_BRS: 	Major 
TIBCO_MFT_OTC_IIM_TO_BRS: 	Major 
TIBCO_MFT_OTCCCS_CITI_TO_TIB: 	Major 
TIBCO_MFT_OUTRES_BB_TO_JPN: 	Critical 
TIBCO_MFT_PA_IDC_TO_TIB: 	Major 
TIBCO_MFT_PERFRPT_SCD_TO_BRSFS: 	Major 
TIBCO_MFT_PFAT_RSKM_TO_FACT: 	Critical 
TIBCO_MFT_PFE_RMDB_TO_RMSCI: 	Major 
TIBCO_MFT_PFE_RMSCI_TO_RMDB: 	Major 
TIBCO_MFT_POS_BBH_TO_CHAIR: 	Major 
TIBCO_MFT_POS_BRS_TO_TIB1: 	Major 
TIBCO_MFT_POS_BRS_TO_TIB2: 	Major 
TIBCO_MFT_POS_DELTA_TO_CHAIR: 	Major 
TIBCO_MFT_POS_DEX_TO_TIB: 	Major 
TIBCO_MFT_POS_DWH_TO_ART: 	Major 
TIBCO_MFT_POS_DWH_TO_MONIS: 	Major 
TIBCO_MFT_POS_IIMNL_TO_MONIS: 	Major 
TIBCO_MFT_POS_SCD_TO_ART: 	Major 
TIBCO_MFT_POS_SCD_TO_ART_MNTL: 	Major 
TIBCO_MFT_POS_SCD_TO_CHAIR: 	Major 
TIBCO_MFT_POS_SCD_TO_FACTS_FUNDS: 	Major 
TIBCO_MFT_POS_SCD_TO_FACTS_MANDATES: 	Major 
TIBCO_MFT_POS_TIB_TO_BMBRG: 	Major 
TIBCO_MFT_POSDAILY_BRS_TO_TIB: 	Major 
TIBCO_MFT_POSGH_GED_TO_IIMNL: 	Major 
TIBCO_MFT_POSICS_TRS_TO_TIB: 	Major 
TIBCO_MFT_POSICS_XGEN_TO_TIB: 	Major 
TIBCO_MFT_POSICSEU_TRS_TO_SCD: 	Major 
TIBCO_MFT_POSICSEU_XGEN_TO_SCD: 	Major 
TIBCO_MFT_POSICSNA_TRS_TO_SCD: 	Major 
TIBCO_MFT_POSICSNA_XGEN_TO_SCD: 	Major 
TIBCO_MFT_POSITIONPROCESSOR: 	Major 
TIBCO_MFT_POSPRC_ICS_TO_BRS: 	Major 
TIBCO_MFT_POSTRX_IIM_TO_ICS: 	Major 
TIBCO_MFT_PRABSPREV_BAR_TO_MEDM: 	Major 
TIBCO_MFT_PRABSPREV_BB_TO_MEDM_NDS: 	Major 
TIBCO_MFT_PRAPAC_BB_TO_MEDM: 	Major 
TIBCO_MFT_PRAPAC_BB_TO_MEDM: 	Critical 
TIBCO_MFT_PRC_BRS_TO_MEDM: 	Major 
TIBCO_MFT_PRC_BRS_TO_MEDM: 	Major 
TIBCO_MFT_PRC_BRSFS_TO_BRS: 	Major 
TIBCO_MFT_PRC_IDC_TO_MEDM: 	Major 
TIBCO_MFT_PRC_IIMNL_TO_MEDM: 	Major 
TIBCO_MFT_PRC_IIMNL_TO_MEDM: 	Major 
TIBCO_MFT_PRC_IIMNL_TO_MEDM_DS: 	Major 
TIBCO_MFT_PRC_IIMNL_TO_MEDM_NDS: 	Major 
TIBCO_MFT_PRC_MEDM_TO_BRS: 	Major 
TIBCO_MFT_PRC_MEDM_TO_BRS: 	Major 
TIBCO_MFT_PRC_RMDB_TO_RISK: 	Major 
TIBCO_MFT_PRC_RPT_ABSNET_TO_TIB: 	Major 
TIBCO_MFT_PRC_TIB_TO_DEX: 	Major 
TIBCO_MFT_PRC_VLK_TO_MEDM: 	Major 
TIBCO_MFT_PRC_VLK_TO_MEDM: 	Major 
TIBCO_MFT_PRC_VLK_TO_MEDM: 	Major 
TIBCO_MFT_PRC_VLK_TO_MEDM: 	Major 
TIBCO_MFT_PRC2_BFS_TO_BRS: 	Critical 
TIBCO_MFT_PRCALTIS_IIMNL_TO_KASBNK: 	Major 
TIBCO_MFT_PRCAPGLA_BAR_TO_MEDM: 	Major 
TIBCO_MFT_PRCAPGLA_BB_TO_MEDM_DS: 	Major 
TIBCO_MFT_PRCAPGLA_BB_TO_MEDM_NDS: 	Major 
TIBCO_MFT_PRCEURSHT_BAR_TO_MEDM: 	Major 
TIBCO_MFT_PRCEURSHT_BB_TO_MEDM_DS: 	Major 
TIBCO_MFT_PRCEURSHT_BB_TO_MEDM_NDS: 	Major 
TIBCO_MFT_PRCPEGLA_BAR_TO_MEDM: 	Major 
TIBCO_MFT_PRCPEGLA_BB_TO_MEDM_DS: 	Major 
TIBCO_MFT_PRCPEGLA_BB_TO_MEDM_NDS: 	Major 
TIBCO_MFT_PRDOM_BB_TO_MEDM: 	Major 
TIBCO_MFT_PRDOM_BB_TO_MEDM: 	Major 
TIBCO_MFT_PREMIEGG_BLTG_TO_RDCS: 	Critical 
TIBCO_MFT_PREMIEGG_RDCS_TO_BLTG: 	Critical 
TIBCO_MFT_PREURAGG_BB_TO_MEDM: 	Major 
TIBCO_MFT_PREVNG_BB_TO_MEDM: 	Major 
TIBCO_MFT_PREVNG_BB_TO_MEDM: 	Major 
TIBCO_MFT_PRICE_IDC_TO_TIB: 	Major 
TIBCO_MFT_PRICE_MEDM_TO_IDC: 	Major 
TIBCO_MFT_PRICE_MEDM_TO_IDC: 	Major 
TIBCO_MFT_PRICE_OTC_TO_BBH: 	Major 
TIBCO_MFT_PRICEEUR_MEDM_TO_IDC: 	Major 
TIBCO_MFT_PRICEEUR_MEDM_TO_IDC: 	Major 
TIBCO_MFT_PRICEPUB_OTC_TO_TIB: 	Major 
TIBCO_MFT_PRICEREQASIA_MEDM_TO_BB: 	Critical 
TIBCO_MFT_PRICEREQEUROPE_MEDM_TO_BB: 	Critical 
TIBCO_MFT_PRICEREQEX_MEDM_TO_BB: 	Critical 
TIBCO_MFT_PRICEREQUS_MEDM_TO_BB_DS: 	Critical 
TIBCO_MFT_PRICEREQUS_MEDM_TO_BB_NDS: 	Critical 
TIBCO_MFT_PRICEUSA_MEDM_TO_IDC_DS: 	Major 
TIBCO_MFT_PRICEUSA_MEDM_TO_IDC_DS: 	Major 
TIBCO_MFT_PRICEUSA_MEDM_TO_IDC_NDS: 	Major 
TIBCO_MFT_PRICEUSA_MEDM_TO_IDC_NDS: 	Major 
TIBCO_MFT_PRICEV2_IDC_TO_TIB: 	Major 
TIBCO_MFT_PRLTNT_BB_TO_MEDM: 	Major 
TIBCO_MFT_PRLUX_IIM_TO_BRS: 	Major 
TIBCO_MFT_PRMC1_BB_TO_MEDM: 	Major 
TIBCO_MFT_PRMC1_BB_TO_MEDM_DS: 	Major 
TIBCO_MFT_PRMC1_BB_TO_MEDM_NDS: 	Major 
TIBCO_MFT_PRNT_BB_TO_MEDM: 	Major 
TIBCO_MFT_PRNT_BB_TO_MEDM: 	Major 
TIBCO_MFT_PRNT_BB_TO_MEDM_DS: 	Major 
TIBCO_MFT_PRNT_BB_TO_MEDM_DS: 	Major 
TIBCO_MFT_PRNT_BB_TO_MEDM_NDS: 	Major 
TIBCO_MFT_PRNT_BB_TO_MEDM_NDS: 	Major 
TIBCO_MFT_PROTC_IIMNL_TO_TIB: 	Major 
TIBCO_MFT_PRSP_TIB_TO_FLSH: 	Major 
TIBCO_MFT_PRT_IDC_TO_TIB: 	Major 
TIBCO_MFT_PRTREF_BRS_TO_DWH: 	Major 
TIBCO_MFT_PRTV2_IDC_TO_TIB: 	Major 
TIBCO_MFT_PYMT_OPS_TO_SWIFT: 	Critical 
TIBCO_MFT_PYMT_SCD_TO_SWIFT: 	Critical 
TIBCO_MFT_RECON_SCD_TO_BRS: 	Major 
TIBCO_MFT_RECON_SCD_TO_BRS: 	Major 
TIBCO_MFT_RECON_SCD_TO_BRS1: 	Major 
TIBCO_MFT_RECON_SCD_TO_BRS1: 	Major 
TIBCO_MFT_RECON_SCD_TO_TIB: 	Major 
TIBCO_MFT_RECON_SCD_TO_TIB: 	Major 
TIBCO_MFT_REP_SCD_TO_SAPBW: 	Major 
TIBCO_MFT_REP_SPRO_TO_DWH_7TH: 	Major 
TIBCO_MFT_REP_SPRO_TO_DWH_8TH: 	Major 
TIBCO_MFT_REP_SPRO_TO_SFS: 	Major 
TIBCO_MFT_REQ_JPN_TO_BB: 	Critical 
TIBCO_MFT_REQ_RISK_TO_BB: 	Major 
TIBCO_MFT_REQCOB_MEDM_TO_BB: 	Major 
TIBCO_MFT_REQCOB_MEDM_TO_REUT: 	Major 
TIBCO_MFT_REQCPD_MEDM_TO_BB: 	Major 
TIBCO_MFT_REQEOD_MEDM_TO_BB: 	Major 
TIBCO_MFT_REQEOD_MEDM_TO_REUT: 	Major 
TIBCO_MFT_REQEVNG_MEDM_TO_BB: 	Major 
TIBCO_MFT_REQEVNG_MEDM_TO_BB: 	Major 
TIBCO_MFT_REQINT_MEDM_TO_BB: 	Major 
TIBCO_MFT_REQINT_MEDM_TO_REUT: 	Major 
TIBCO_MFT_REQLTNT_MEDM_TO_BB: 	Major 
TIBCO_MFT_REQLTNT_MEDM_TO_BB: 	Major 
TIBCO_MFT_REQMC_MEDM_TO_BB: 	Major 
TIBCO_MFT_REQMC_MEDM_TO_BB: 	Major 
TIBCO_MFT_REQMC_MEDM_TO_BB: 	Major 
TIBCO_MFT_REQMC_MEDM_TO_BB: 	Major 
TIBCO_MFT_REQMC1_MEDM_TO_BB: 	Major 
TIBCO_MFT_REQMC1_MEDM_TO_BB_DS: 	Major 
TIBCO_MFT_REQMC1_MEDM_TO_BB_NDS: 	Major 
TIBCO_MFT_REQMF_MEDM_TO_BB: 	Major 
TIBCO_MFT_REQMF_MEDM_TO_BB: 	Major 
TIBCO_MFT_REQNT_MEDM_TO_BB: 	Major 
TIBCO_MFT_REQNT_MEDM_TO_BB: 	Major 
TIBCO_MFT_REQNT_MEDM_TO_BB_DS: 	Major 
TIBCO_MFT_REQNT_MEDM_TO_BB_DS: 	Major 
TIBCO_MFT_REQNT_MEDM_TO_BB_NDS: 	Major 
TIBCO_MFT_REQNT_MEDM_TO_BB_NDS: 	Major 
TIBCO_MFT_REQSTAT_MEDM_TO_BB: 	Major 
TIBCO_MFT_REQSTAT_MEDM_TO_BB: 	Major 
TIBCO_MFT_REQWM_MEDM_TO_BB: 	Major 
TIBCO_MFT_REQWM_MEDM_TO_REUT: 	Major 
TIBCO_MFT_RES_BB_TO_RISK: 	Major 
TIBCO_MFT_RESCOB_BB_TO_MEDM: 	Major 
TIBCO_MFT_RESCOB_REUT_TO_MEDM: 	Major 
TIBCO_MFT_RESCPD_BB_TO_MEDM: 	Major 
TIBCO_MFT_RESEOD_BB_TO_MEDM: 	Major 
TIBCO_MFT_RESEOD_BB_TO_MEDM: 	Major 
TIBCO_MFT_RESEOD_REUT_TO_MEDM: 	Major 
TIBCO_MFT_RESEOD_REUT_TO_MEDM: 	Major 
TIBCO_MFT_RESINT_BB_TO_MEDM: 	Major 
TIBCO_MFT_RESINT_REUT_TO_MEDM: 	Major 
TIBCO_MFT_RESMC_BB_TO_MEDM: 	Major 
TIBCO_MFT_RESMC_BB_TO_MEDM: 	Major 
TIBCO_MFT_RESMC_BB_TO_MEDM: 	Major 
TIBCO_MFT_RESMC_BB_TO_MEDM: 	Major 
TIBCO_MFT_RESWM_BB_TO_MEDM: 	Major 
TIBCO_MFT_RESWM_REUT_TO_MEDM: 	Major 
TIBCO_MFT_RISK_FACT_TO_TIB: 	Critical 
TIBCO_MFT_RISK_IDC_TO_TIB: 	Major 
TIBCO_MFT_RISK_TIB_TO_RMDB: 	Critical 
TIBCO_MFT_SDA_KNEIP_TO_UCM: 	Major 
TIBCO_MFT_SECLGS_GSAL_TO_TIB: 	Major 
TIBCO_MFT_SECLGS_TIB_TO_BRS: 	Major 
TIBCO_MFT_SMD_SFRC_TO_DWH: 	Major 
TIBCO_MFT_STAT_BB_TO_MEDM: 	Major 
TIBCO_MFT_STAT_BB_TO_MEDM: 	Major 
TIBCO_MFT_STAT_BRS_TO_TIB: 	Major 
TIBCO_MFT_STAT_MEDM_TO_SCD: 	Major 
TIBCO_MFT_STAT_MEDM_TO_SCD: 	Major 
TIBCO_MFT_SUBPRC_SCD1_TO_TIB: 	Critical 
TIBCO_MFT_SUBPRC_SCD2_TO_TIB: 	Critical 
TIBCO_MFT_SUBPRC_SCD3_TO_TIB: 	Critical 
TIBCO_MFT_SUBPRC_SCD4_TO_TIB: 	Major 
TIBCO_MFT_SWIFT_TO_BRS: 	Major 
TIBCO_MFT_TCA_BRS_TO_TIB: 	Major 
TIBCO_MFT_TCA_TIB_TO_ABL: 	Major 
TIBCO_MFT_TEMP_NNRE_TIB_TO_BRSFS: 	Major 
TIBCO_MFT_TEMP_SCD_TO_BRSFS: 	Major 
TIBCO_MFT_TEMP_SMD_BRS_TO_BRSFS: 	Critical 
TIBCO_MFT_THALES_TRS_TO_KASBNK: 	Major 
TIBCO_MFT_TRAN_PL_TO_MGRPT: 	Major 
TIBCO_MFT_TRANSACTION_HANDLER: 	Critical 
TIBCO_MFT_TRANSLUX_SCD_TO_INGLIFE: 	Major 
TIBCO_MFT_TRD_DWH_TO_PTCC: 	Major 
TIBCO_MFT_TRDCONF_SCD_TO_NN: 	Major 
TIBCO_MFT_TRMICAGRD_REUTERS_TO_QRTZ: 	Critical 
TIBCO_MFT_TRMICAGRH_REUTERS_TO_QRTZ: 	Critical 
TIBCO_MFT_TRMICENMD_REUTERS_TO_QRTZ: 	Critical 
TIBCO_MFT_TRMICENMH_REUTERS_TO_QRTZ: 	Critical 
TIBCO_MFT_TRMICGPD_REUTERS_TO_QRTZ: 	Critical 
TIBCO_MFT_TRMICGPH_REUTERS_TO_QRTZ: 	Critical 
TIBCO_MFT_TRMICOUD_REUTERS_TO_QRTZ: 	Critical 
TIBCO_MFT_TRMICOUH_REUTERS_TO_QRTZ: 	Critical 
TIBCO_MFT_TRMICURD_REUTERS_TO_QRTZ: 	Critical 
TIBCO_MFT_TRMICURH_REUTERS_TO_QRTZ: 	Critical 
TIBCO_MFT_TRX_BBH_TO_SCDPL: 	Major 
TIBCO_MFT_TRX_BBH_TO_TIB: 	Critical 
TIBCO_MFT_TRX_SCD_TO_FAR: 	Major 
TIBCO_MFT_TRX_SCD_TO_TIB: 	Critical 
TIBCO_MFT_TRX_SCDPL_TO_BBH: 	Major 
TIBCO_MFT_TRX_SIM_TO_PCVT: 	Major 
TIBCO_MFT_TRX_SIS_TO_TIB: 	Major 
TIBCO_MFT_TRXAFM_SCD_TO_IIMNL: 	Major 
TIBCO_MFT_TRXAFM1_SCD_TO_IIMNL: 	Major 
TIBCO_MFT_TRXFX_BNYM_TO_TIB: 	Major 
TIBCO_MFT_TRXFX_DANSKE_TO_TIB: 	Critical 
TIBCO_MFT_TRXRPT_DWH_TO_TIB: 	Major 
TIBCO_MFT_TXTFRG_UCM_TO_KWAST: 	Critical 
TIBCO_MFT_WAARDEGG_BLTG_TO_RDCS: 	Critical 
TIBCO_MFT_WAARDEGG_RDCS_TO_BLTG: 	Critical 
TIBCO_MON_BNYM_CONFIRM: 	Critical 
TIBCO_MON_BNYM_CONFIRM_2000: 	Critical 
TIBCO_MON_CENPRICESUB1: 	Critical  
TIBCO_MON_IMDB_SDIM_PUBFILES: 	Critical 
TIBCO_MON_JPM_POS: 	Minor 
TIBCO_MON_JPM_VARMAR: 	Minor 
TIBCO_MON_TRADENUGGET_0200-one: 	Minor 
TIBCO_MON_TRADENUGGET_0200-two: 	Critical 
TIBCO_MON_TRADENUGGET_0300-one: 	Minor 
TIBCO_MON_TRADENUGGET_0300-two: 	Critical 
TIBCO_MON_TRADENUGGET_0330-one: 	Minor 
TIBCO_MON_TRADENUGGET_0330-two: 	Critical 
TIBCO_MON_TRADENUGGET_0430-one: 	Minor 
TIBCO_MON_TRADENUGGET_0430-two: 	Critical 
TIBCO_MON_TRADENUGGET_0730-one: 	Minor 
TIBCO_MON_TRADENUGGET_0730-two: 	Critical 
TIBCO_MON_TRADENUGGET_0830-one: 	Minor 
TIBCO_MON_TRADENUGGET_0830-two: 	Major 
TIBCO_MON_TRADENUGGET_0930-one: 	Minor 
TIBCO_MON_TRADENUGGET_0930-two: 	Major 
TIBCO_MON_TRADENUGGET_1100-one: 	Minor 
TIBCO_MON_TRADENUGGET_1100-two: 	Major 
TIBCO_MON_TRADENUGGET_1300-one: 	Minor 
TIBCO_MON_TRADENUGGET_1300-two: 	Major 
TIBCO_MON_TRADENUGGET_1500-one: 	Minor 
TIBCO_MON_TRADENUGGET_1500-two: 	Major 
TIBCO_MON_TRADENUGGET_1600-one: 	Minor 
TIBCO_MON_TRADENUGGET_1600-two: 	Major 
TIBCO_MON_TRADENUGGET_1700-one: 	Minor 
TIBCO_MON_TRADENUGGET_1700-two: 	Major 
TIBCO_MON_TRADENUGGET_1800-one: 	Minor 
TIBCO_MON_TRADENUGGET_1800-two: 	Major 
TIBCO_MON_TRADENUGGET_2000-one: 	Minor 
TIBCO_MON_TRADENUGGET_2000-two: 	Major 
TIBCO_MON_TRADENUGGET_2300-one: 	Minor 
TIBCO_MON_TRADENUGGET_2300-two: 	Major 
TIBCO_MV_ICS_CPY_TO_FS: 	Major 
TIBCO_TRD_IIMNL_TO_CALVIN: 	Major 
TIBCO_TRD_IIMNL_TO_CALVIN: 	Major 
TIBCO_TRIGGER_CLEANUP_EXCEPTION_HANDLING: 	Major 
TIBCO_TRIGGER_EMAIL_TRX_ICSMT54X_TO_SIM: 	Major 
TIBCO_TRIGGER_EXCEPTION_HANDLING: 	Major 
TIBCO_TRIGGER_EXP_MOST2DELTA: 	Minor 
TIBCO_TRIGGER_FXCASH_SST_TO_BRS: 	Major 
TIBCO_TRIGGER_INSTRUMENT_EXCEPTION_HANDLING: 	Major 
TIBCO_TRIGGER_NOTIF_INSTRUMENT: 	Major 
TIBCO_TRIGGER_NOTIF_MAPPING: 	Major 
TIBCO_TRIGGER_NOTIF_TECH_EXCEPTION_HANDLING: 	Major 
TIBCO_TRIGGER_SM-POS_BRS_TO_SCD: 	Major 
TIBCO_TRIGGER_TECH_EXCEPTION_HANDLING: 	Major 
TIBCO_TRIGGER_TRADE_MARKIT_TO_MEDM_DS: 	Major 
TIBCO_TRIGGER_TRADE_MARKIT_TO_MEDM_DS: 	Major 
TIBCO_TRIGGER_TRADE_MARKIT_TO_MEDM_NDS: 	Major 
TIBCO_TRIGGER_TRADE_MARKIT_TO_MEDM_NDS: 	Major 
TIBCO_TRIGGER_TRXFX_SIM_TO_BRS: 	Major 
TIDAL_TRIGGER_POS_BBH_TO_BRS: 	Major 
TRMI_TO_SRPADAPP0225: 	Minor 
VRS_EXP_SECMON: 	Minor 
WEBC_Parse-CoReact: 	Major 
WEBC_Parse-TPR: 	Major 
XRDM_Replication_BITBRAINS: 	Major 
XRDM_Replication_BITBRAINS_Delete_Trigger: 	Major 

